[E10B] resuming: 1/100 nulls already complete
    [e10b_null1] 100/1296 (64s, eta 13 min)
    [e10b_null2] 100/1696 (63s, eta 17 min)
    [e10b_null3] 100/1696 (64s, eta 17 min)
    [e10b_null1] 200/1296 (129s, eta 12 min)
    [e10b_null2] 200/1696 (128s, eta 16 min)
    [e10b_null3] 200/1696 (129s, eta 16 min)
    [e10b_null1] 300/1296 (193s, eta 11 min)
    [e10b_null2] 300/1696 (191s, eta 15 min)
    [e10b_null3] 300/1696 (193s, eta 15 min)
    [e10b_null2] 400/1696 (253s, eta 14 min)
    [e10b_null1] 400/1296 (255s, eta 10 min)
    [e10b_null3] 400/1696 (256s, eta 14 min)
    [e10b_null1] 500/1296 (321s, eta 9 min)
    [e10b_null2] 500/1696 (321s, eta 13 min)
    [e10b_null3] 500/1696 (323s, eta 13 min)
    [e10b_null1] 600/1296 (387s, eta 7 min)
    [e10b_null2] 600/1696 (389s, eta 12 min)
    [e10b_null3] 600/1696 (390s, eta 12 min)
    [e10b_null1] 700/1296 (475s, eta 7 min)
    [e10b_null2] 700/1696 (476s, eta 11 min)
    [e10b_null3] 700/1696 (479s, eta 11 min)
    [e10b_null1] 800/1296 (553s, eta 6 min)
    [e10b_null2] 800/1696 (554s, eta 10 min)
    [e10b_null3] 800/1696 (556s, eta 10 min)
    [e10b_null1] 900/1296 (628s, eta 5 min)
    [e10b_null2] 900/1696 (629s, eta 9 min)
    [e10b_null3] 900/1696 (631s, eta 9 min)
    [e10b_null1] 1000/1296 (707s, eta 3 min)
    [e10b_null2] 1000/1696 (709s, eta 8 min)
    [e10b_null3] 1000/1696 (712s, eta 8 min)
    [e10b_null1] 1100/1296 (793s, eta 2 min)
    [e10b_null2] 1100/1696 (793s, eta 7 min)
    [e10b_null3] 1100/1696 (796s, eta 7 min)
    [e10b_null1] 1200/1296 (870s, eta 1 min)
    [e10b_null2] 1200/1696 (870s, eta 6 min)
    [e10b_null3] 1200/1696 (872s, eta 6 min)
    [e10b_null1] 1296/1296 (944s, eta 0 min)
[E10B] null 1: delta=0.0932 diff=1.74e-06 (966.1s) | 1/99 this run, ETA 26.3 h
    [e10b_null2] 1300/1696 (948s, eta 5 min)
    [e10b_null3] 1300/1696 (949s, eta 5 min)
    [e10b_null2] 1400/1696 (1021s, eta 4 min)
    [e10b_null3] 1400/1696 (1022s, eta 4 min)
    [e10b_null4] 100/1696 (71s, eta 19 min)
    [e10b_null2] 1500/1696 (1092s, eta 2 min)
    [e10b_null3] 1500/1696 (1092s, eta 2 min)
    [e10b_null4] 200/1696 (140s, eta 17 min)
    [e10b_null2] 1600/1696 (1161s, eta 1 min)
    [e10b_null3] 1600/1696 (1162s, eta 1 min)
    [e10b_null4] 300/1696 (214s, eta 17 min)
    [e10b_null2] 1696/1696 (1233s, eta 0 min)
    [e10b_null3] 1696/1696 (1234s, eta 0 min)
[E10B] null 2: delta=0.0835 diff=6.59e-07 (1256.6s) | 2/99 this run, ETA 17.0 h
[E10B] null 3: delta=0.0766 diff=1.60e-06 (1257.2s) | 3/99 this run, ETA 11.2 h
    [e10b_null4] 400/1696 (287s, eta 16 min)
    [e10b_null4] 500/1696 (367s, eta 15 min)
    [e10b_null6] 100/1696 (82s, eta 22 min)
    [e10b_null5] 100/1696 (82s, eta 22 min)
    [e10b_null4] 600/1696 (448s, eta 14 min)
    [e10b_null6] 200/1696 (161s, eta 20 min)
    [e10b_null5] 200/1696 (161s, eta 20 min)
    [e10b_null4] 700/1696 (525s, eta 12 min)
    [e10b_null6] 300/1696 (237s, eta 18 min)
    [e10b_null5] 300/1696 (238s, eta 18 min)
    [e10b_null4] 800/1696 (602s, eta 11 min)
    [e10b_null6] 400/1696 (314s, eta 17 min)
    [e10b_null5] 400/1696 (316s, eta 17 min)
    [e10b_null4] 900/1696 (703s, eta 10 min)
    [e10b_null6] 500/1696 (419s, eta 17 min)
    [e10b_null5] 500/1696 (421s, eta 17 min)
    [e10b_null4] 1000/1696 (816s, eta 9 min)
    [e10b_null6] 600/1696 (531s, eta 16 min)
    [e10b_null5] 600/1696 (534s, eta 16 min)
    [e10b_null4] 1100/1696 (929s, eta 8 min)
    [e10b_null6] 700/1696 (647s, eta 15 min)
    [e10b_null5] 700/1696 (651s, eta 15 min)
    [e10b_null4] 1200/1696 (1064s, eta 7 min)
    [e10b_null6] 800/1696 (779s, eta 15 min)
    [e10b_null5] 800/1696 (780s, eta 15 min)
    [e10b_null4] 1300/1696 (1172s, eta 6 min)
    [e10b_null6] 900/1696 (888s, eta 13 min)
    [e10b_null5] 900/1696 (890s, eta 13 min)
    [e10b_null4] 1400/1696 (1281s, eta 5 min)
    [e10b_null6] 1000/1696 (995s, eta 12 min)
    [e10b_null5] 1000/1696 (998s, eta 12 min)
    [e10b_null4] 1500/1696 (1387s, eta 3 min)
    [e10b_null6] 1100/1696 (1101s, eta 10 min)
    [e10b_null5] 1100/1696 (1103s, eta 10 min)
    [e10b_null4] 1600/1696 (1493s, eta 1 min)
    [e10b_null6] 1200/1696 (1206s, eta 8 min)
    [e10b_null5] 1200/1696 (1209s, eta 8 min)
    [e10b_null4] 1696/1696 (1596s, eta 0 min)
[E10B] null 4: delta=0.0848 diff=3.56e-06 (1615.1s) | 4/99 this run, ETA 17.0 h
    [e10b_null6] 1300/1696 (1315s, eta 7 min)
    [e10b_null5] 1300/1696 (1317s, eta 7 min)
    [e10b_null6] 1400/1696 (1422s, eta 5 min)
    [e10b_null5] 1400/1696 (1425s, eta 5 min)
    [e10b_null7] 100/1696 (108s, eta 29 min)
    [e10b_null6] 1500/1696 (1530s, eta 3 min)
    [e10b_null5] 1500/1696 (1533s, eta 3 min)
    [e10b_null7] 200/1696 (216s, eta 27 min)
    [e10b_null6] 1600/1696 (1637s, eta 2 min)
    [e10b_null5] 1600/1696 (1640s, eta 2 min)
    [e10b_null7] 300/1696 (323s, eta 25 min)
    [e10b_null6] 1696/1696 (1739s, eta 0 min)
[E10B] null 6: delta=0.0619 diff=3.63e-06 (1758.6s) | 5/99 this run, ETA 15.8 h
    [e10b_null5] 1696/1696 (1742s, eta 0 min)
[E10B] null 5: delta=0.0525 diff=1.19e-06 (1762.9s) | 6/99 this run, ETA 13.0 h
    [e10b_null7] 400/1696 (430s, eta 23 min)
    [e10b_null7] 500/1696 (535s, eta 21 min)
    [e10b_null8] 100/1696 (105s, eta 28 min)
    [e10b_null9] 100/1696 (104s, eta 28 min)
    [e10b_null7] 600/1696 (640s, eta 19 min)
    [e10b_null8] 200/1696 (210s, eta 26 min)
    [e10b_null9] 200/1696 (210s, eta 26 min)
    [e10b_null7] 700/1696 (744s, eta 18 min)
    [e10b_null8] 300/1696 (314s, eta 24 min)
    [e10b_null9] 300/1696 (313s, eta 24 min)
    [e10b_null7] 800/1696 (828s, eta 15 min)
    [e10b_null8] 400/1696 (397s, eta 21 min)
    [e10b_null9] 400/1696 (398s, eta 21 min)
    [e10b_null7] 900/1696 (923s, eta 14 min)
    [e10b_null8] 500/1696 (493s, eta 20 min)
    [e10b_null9] 500/1696 (493s, eta 20 min)
    [e10b_null7] 1000/1696 (1008s, eta 12 min)
    [e10b_null8] 600/1696 (577s, eta 18 min)
    [e10b_null9] 600/1696 (578s, eta 18 min)
    [e10b_null7] 1100/1696 (1100s, eta 10 min)
    [e10b_null8] 700/1696 (669s, eta 16 min)
    [e10b_null9] 700/1696 (670s, eta 16 min)
    [e10b_null7] 1200/1696 (1193s, eta 8 min)
    [e10b_null8] 800/1696 (763s, eta 14 min)
    [e10b_null9] 800/1696 (765s, eta 14 min)
    [e10b_null7] 1300/1696 (1284s, eta 7 min)
    [e10b_null8] 900/1696 (854s, eta 13 min)
    [e10b_null9] 900/1696 (856s, eta 13 min)
    [e10b_null7] 1400/1696 (1385s, eta 5 min)
    [e10b_null8] 1000/1696 (954s, eta 11 min)
    [e10b_null9] 1000/1696 (956s, eta 11 min)
    [e10b_null7] 1500/1696 (1478s, eta 3 min)
    [e10b_null8] 1100/1696 (1048s, eta 9 min)
    [e10b_null9] 1100/1696 (1049s, eta 9 min)
    [e10b_null7] 1600/1696 (1570s, eta 2 min)
    [e10b_null8] 1200/1696 (1139s, eta 8 min)
    [e10b_null9] 1200/1696 (1141s, eta 8 min)
    [e10b_null7] 1696/1696 (1661s, eta 0 min)
[E10B] null 7: delta=0.0839 diff=1.58e-06 (1685.4s) | 7/99 this run, ETA 15.6 h
    [e10b_null8] 1300/1696 (1232s, eta 6 min)
    [e10b_null9] 1300/1696 (1234s, eta 6 min)
    [e10b_null8] 1400/1696 (1326s, eta 5 min)
    [e10b_null9] 1400/1696 (1328s, eta 5 min)
    [e10b_null10] 100/1696 (92s, eta 25 min)
    [e10b_null8] 1500/1696 (1407s, eta 3 min)
    [e10b_null9] 1500/1696 (1411s, eta 3 min)
    [e10b_null10] 200/1696 (175s, eta 22 min)
    [e10b_null8] 1600/1696 (1508s, eta 2 min)
    [e10b_null9] 1600/1696 (1512s, eta 2 min)
    [e10b_null10] 300/1696 (278s, eta 22 min)
    [e10b_null8] 1696/1696 (1608s, eta 0 min)
[E10B] null 8: delta=0.0736 diff=1.55e-06 (1634.2s) | 8/99 this run, ETA 14.7 h
    [e10b_null9] 1696/1696 (1612s, eta 0 min)
[E10B] null 9: delta=0.0688 diff=1.64e-06 (1637.0s) | 9/99 this run, ETA 12.9 h
    [e10b_null10] 400/1696 (383s, eta 21 min)
    [e10b_null10] 500/1696 (473s, eta 19 min)
    [e10b_null11] 100/1696 (85s, eta 23 min)
    [e10b_null12] 100/1696 (83s, eta 22 min)
    [e10b_null10] 600/1696 (540s, eta 16 min)
    [e10b_null11] 200/1696 (153s, eta 19 min)
    [e10b_null12] 200/1696 (150s, eta 19 min)
    [e10b_null10] 700/1696 (603s, eta 14 min)
    [e10b_null11] 300/1696 (215s, eta 17 min)
    [e10b_null12] 300/1696 (212s, eta 16 min)
    [e10b_null10] 800/1696 (687s, eta 13 min)
    [e10b_null11] 400/1696 (302s, eta 16 min)
    [e10b_null12] 400/1696 (300s, eta 16 min)
    [e10b_null10] 900/1696 (784s, eta 12 min)
    [e10b_null11] 500/1696 (400s, eta 16 min)
    [e10b_null12] 500/1696 (398s, eta 16 min)
    [e10b_null10] 1000/1696 (868s, eta 10 min)
    [e10b_null11] 600/1696 (481s, eta 15 min)
    [e10b_null12] 600/1696 (478s, eta 15 min)
    [e10b_null10] 1100/1696 (933s, eta 8 min)
    [e10b_null11] 700/1696 (548s, eta 13 min)
    [e10b_null12] 700/1696 (544s, eta 13 min)
    [e10b_null10] 1200/1696 (1000s, eta 7 min)
    [e10b_null11] 800/1696 (613s, eta 11 min)
    [e10b_null12] 800/1696 (611s, eta 11 min)
    [e10b_null10] 1300/1696 (1066s, eta 5 min)
    [e10b_null11] 900/1696 (678s, eta 10 min)
    [e10b_null12] 900/1696 (676s, eta 10 min)
    [e10b_null10] 1400/1696 (1133s, eta 4 min)
    [e10b_null11] 1000/1696 (745s, eta 9 min)
    [e10b_null12] 1000/1696 (744s, eta 9 min)
    [e10b_null10] 1500/1696 (1200s, eta 3 min)
    [e10b_null11] 1100/1696 (813s, eta 7 min)
    [e10b_null12] 1100/1696 (811s, eta 7 min)
    [e10b_null10] 1600/1696 (1276s, eta 1 min)
    [e10b_null11] 1200/1696 (890s, eta 6 min)
    [e10b_null12] 1200/1696 (890s, eta 6 min)
    [e10b_null10] 1696/1696 (1345s, eta 0 min)
[E10B] null 10: delta=0.0852 diff=2.69e-06 (1362.3s) | 10/99 this run, ETA 13.9 h
    [e10b_null11] 1300/1696 (963s, eta 5 min)
    [e10b_null12] 1300/1696 (963s, eta 5 min)
    [e10b_null11] 1400/1696 (1039s, eta 4 min)
    [e10b_null12] 1400/1696 (1037s, eta 4 min)
    [e10b_null13] 100/1696 (73s, eta 19 min)
    [e10b_null11] 1500/1696 (1106s, eta 2 min)
    [e10b_null12] 1500/1696 (1105s, eta 2 min)
    [e10b_null13] 200/1696 (141s, eta 18 min)
    [e10b_null11] 1600/1696 (1175s, eta 1 min)
    [e10b_null12] 1600/1696 (1173s, eta 1 min)
    [e10b_null13] 300/1696 (208s, eta 16 min)
    [e10b_null11] 1696/1696 (1232s, eta 0 min)
[E10B] null 11: delta=0.0706 diff=-1.10e-07 (1256.7s) | 11/99 this run, ETA 13.1 h
    [e10b_null12] 1696/1696 (1230s, eta 0 min)
[E10B] null 12: delta=0.0937 diff=1.55e-06 (1254.5s) | 12/99 this run, ETA 11.9 h
    [e10b_null13] 400/1696 (267s, eta 14 min)
    [e10b_null13] 500/1696 (317s, eta 13 min)
    [e10b_null14] 100/1696 (49s, eta 13 min)
    [e10b_null15] 100/1696 (50s, eta 13 min)
    [e10b_null13] 600/1696 (373s, eta 11 min)
    [e10b_null14] 200/1696 (107s, eta 13 min)
    [e10b_null15] 200/1696 (107s, eta 13 min)
    [e10b_null13] 700/1696 (424s, eta 10 min)
    [e10b_null14] 300/1696 (156s, eta 12 min)
    [e10b_null15] 300/1696 (156s, eta 12 min)
    [e10b_null13] 800/1696 (488s, eta 9 min)
    [e10b_null14] 400/1696 (223s, eta 12 min)
    [e10b_null15] 400/1696 (223s, eta 12 min)
    [e10b_null13] 900/1696 (557s, eta 8 min)
    [e10b_null14] 500/1696 (291s, eta 12 min)
    [e10b_null15] 500/1696 (290s, eta 12 min)
    [e10b_null13] 1000/1696 (623s, eta 7 min)
    [e10b_null14] 600/1696 (356s, eta 11 min)
    [e10b_null15] 600/1696 (356s, eta 11 min)
    [e10b_null13] 1100/1696 (689s, eta 6 min)
    [e10b_null14] 700/1696 (423s, eta 10 min)
    [e10b_null15] 700/1696 (422s, eta 10 min)
    [e10b_null13] 1200/1696 (755s, eta 5 min)
    [e10b_null14] 800/1696 (489s, eta 9 min)
    [e10b_null15] 800/1696 (487s, eta 9 min)
    [e10b_null13] 1300/1696 (820s, eta 4 min)
    [e10b_null15] 900/1696 (551s, eta 8 min)
    [e10b_null14] 900/1696 (553s, eta 8 min)
    [e10b_null13] 1400/1696 (885s, eta 3 min)
    [e10b_null15] 1000/1696 (617s, eta 7 min)
    [e10b_null14] 1000/1696 (620s, eta 7 min)
    [e10b_null13] 1500/1696 (953s, eta 2 min)
    [e10b_null15] 1100/1696 (684s, eta 6 min)
    [e10b_null14] 1100/1696 (687s, eta 6 min)
    [e10b_null13] 1600/1696 (1018s, eta 1 min)
    [e10b_null15] 1200/1696 (750s, eta 5 min)
    [e10b_null14] 1200/1696 (753s, eta 5 min)
    [e10b_null13] 1696/1696 (1072s, eta 0 min)
[E10B] null 13: delta=0.0418 diff=2.74e-07 (1093.0s) | 13/99 this run, ETA 12.4 h
    [e10b_null15] 1300/1696 (807s, eta 4 min)
    [e10b_null14] 1300/1696 (811s, eta 4 min)
    [e10b_null15] 1400/1696 (875s, eta 3 min)
    [e10b_null14] 1400/1696 (878s, eta 3 min)
    [e10b_null16] 100/1696 (68s, eta 18 min)
    [e10b_null15] 1500/1696 (942s, eta 2 min)
    [e10b_null14] 1500/1696 (945s, eta 2 min)
    [e10b_null16] 200/1696 (135s, eta 17 min)
    [e10b_null15] 1600/1696 (1008s, eta 1 min)
    [e10b_null14] 1600/1696 (1012s, eta 1 min)
    [e10b_null16] 300/1696 (202s, eta 16 min)
    [e10b_null15] 1696/1696 (1069s, eta 0 min)
[E10B] null 15: delta=0.0793 diff=2.23e-06 (1082.5s) | 14/99 this run, ETA 11.8 h
    [e10b_null14] 1696/1696 (1073s, eta 0 min)
[E10B] null 14: delta=0.0707 diff=1.71e-06 (1089.3s) | 15/99 this run, ETA 10.9 h
    [e10b_null16] 400/1696 (268s, eta 14 min)
    [e10b_null17] 100/1696 (62s, eta 17 min)
    [e10b_null18] 100/1696 (61s, eta 16 min)
    [e10b_null16] 500/1696 (329s, eta 13 min)
    [e10b_null17] 200/1696 (148s, eta 19 min)
    [e10b_null18] 200/1696 (147s, eta 18 min)
    [e10b_null16] 600/1696 (419s, eta 13 min)
    [e10b_null17] 300/1696 (253s, eta 20 min)
    [e10b_null18] 300/1696 (252s, eta 20 min)
    [e10b_null16] 700/1696 (523s, eta 12 min)
[E10B] resuming: 16/100 nulls already complete
    [e10b_null18] 100/1396 (70s, eta 15 min)
    [e10b_null17] 100/1396 (70s, eta 15 min)
    [e10b_null16] 100/996 (70s, eta 11 min)
    [e10b_null17] 200/1396 (144s, eta 14 min)
    [e10b_null18] 200/1396 (145s, eta 14 min)
    [e10b_null16] 200/996 (145s, eta 10 min)
    [e10b_null17] 300/1396 (215s, eta 13 min)
    [e10b_null18] 300/1396 (216s, eta 13 min)
    [e10b_null16] 300/996 (216s, eta 8 min)
    [e10b_null17] 400/1396 (285s, eta 12 min)
    [e10b_null18] 400/1396 (285s, eta 12 min)
    [e10b_null16] 400/996 (286s, eta 7 min)
    [e10b_null17] 500/1396 (361s, eta 11 min)
    [e10b_null18] 500/1396 (362s, eta 11 min)
    [e10b_null16] 500/996 (362s, eta 6 min)
    [e10b_null17] 600/1396 (437s, eta 10 min)
    [e10b_null18] 600/1396 (437s, eta 10 min)
    [e10b_null16] 600/996 (438s, eta 5 min)
    [e10b_null17] 700/1396 (506s, eta 8 min)
    [e10b_null18] 700/1396 (507s, eta 8 min)
    [e10b_null16] 700/996 (508s, eta 4 min)
    [e10b_null17] 800/1396 (577s, eta 7 min)
    [e10b_null18] 800/1396 (578s, eta 7 min)
    [e10b_null16] 800/996 (579s, eta 2 min)
    [e10b_null17] 900/1396 (661s, eta 6 min)
    [e10b_null18] 900/1396 (661s, eta 6 min)
    [e10b_null16] 900/996 (663s, eta 1 min)
    [e10b_null17] 1000/1396 (744s, eta 5 min)
    [e10b_null18] 1000/1396 (744s, eta 5 min)
    [e10b_null16] 996/996 (744s, eta 0 min)
[E10B] null 16: delta=0.0810 diff=1.28e-06 (781.2s) | 1/84 this run, ETA 18.0 h
    [e10b_null18] 1100/1396 (817s, eta 4 min)
    [e10b_null17] 1100/1396 (818s, eta 4 min)
    [e10b_null19] 100/1696 (73s, eta 19 min)
    [e10b_null18] 1200/1396 (889s, eta 2 min)
    [e10b_null17] 1200/1396 (890s, eta 2 min)
    [e10b_null19] 200/1696 (143s, eta 18 min)
    [e10b_null18] 1300/1396 (958s, eta 1 min)
    [e10b_null17] 1300/1396 (960s, eta 1 min)
    [e10b_null19] 300/1696 (211s, eta 16 min)
    [e10b_null18] 1396/1396 (1024s, eta 0 min)
    [e10b_null17] 1396/1396 (1026s, eta 0 min)
[E10B] null 18: delta=0.0635 diff=3.29e-07 (1048.9s) | 2/84 this run, ETA 12.0 h
[E10B] null 17: delta=0.0916 diff=2.69e-06 (1050.9s) | 3/84 this run, ETA 7.9 h
    [e10b_null19] 400/1696 (285s, eta 15 min)
    [e10b_null20] 100/1696 (81s, eta 22 min)
    [e10b_null21] 100/1696 (82s, eta 22 min)
    [e10b_null19] 500/1696 (368s, eta 15 min)
    [e10b_null20] 200/1696 (158s, eta 20 min)
    [e10b_null21] 200/1696 (158s, eta 20 min)
    [e10b_null19] 600/1696 (439s, eta 13 min)
    [e10b_null20] 300/1696 (230s, eta 18 min)
    [e10b_null21] 300/1696 (231s, eta 18 min)
    [e10b_null19] 700/1696 (517s, eta 12 min)
    [e10b_null20] 400/1696 (311s, eta 17 min)
    [e10b_null21] 400/1696 (312s, eta 17 min)
    [e10b_null19] 800/1696 (597s, eta 11 min)
    [e10b_null20] 500/1696 (391s, eta 16 min)
    [e10b_null21] 500/1696 (393s, eta 16 min)
    [e10b_null19] 900/1696 (677s, eta 10 min)
    [e10b_null20] 600/1696 (472s, eta 14 min)
    [e10b_null21] 600/1696 (473s, eta 14 min)
    [e10b_null19] 1000/1696 (759s, eta 9 min)
    [e10b_null20] 700/1696 (554s, eta 13 min)
    [e10b_null21] 700/1696 (556s, eta 13 min)
    [e10b_null19] 1100/1696 (840s, eta 8 min)
    [e10b_null20] 800/1696 (634s, eta 12 min)
    [e10b_null21] 800/1696 (636s, eta 12 min)
    [e10b_null19] 1200/1696 (919s, eta 6 min)
    [e10b_null20] 900/1696 (715s, eta 11 min)
    [e10b_null21] 900/1696 (717s, eta 11 min)
    [e10b_null19] 1300/1696 (1000s, eta 5 min)
    [e10b_null20] 1000/1696 (795s, eta 9 min)
    [e10b_null21] 1000/1696 (797s, eta 9 min)
    [e10b_null19] 1400/1696 (1080s, eta 4 min)
    [e10b_null20] 1100/1696 (876s, eta 8 min)
    [e10b_null21] 1100/1696 (879s, eta 8 min)
    [e10b_null19] 1500/1696 (1161s, eta 3 min)
    [e10b_null20] 1200/1696 (958s, eta 7 min)
    [e10b_null21] 1200/1696 (962s, eta 7 min)
    [e10b_null19] 1600/1696 (1246s, eta 1 min)
    [e10b_null20] 1300/1696 (1041s, eta 5 min)
    [e10b_null21] 1300/1696 (1045s, eta 5 min)
    [e10b_null19] 1696/1696 (1323s, eta 0 min)
[E10B] null 19: delta=0.0440 diff=0.00e+00 (1343.7s) | 4/84 this run, ETA 11.8 h
    [e10b_null20] 1400/1696 (1124s, eta 4 min)
    [e10b_null21] 1400/1696 (1128s, eta 4 min)
    [e10b_null22] 100/1696 (83s, eta 22 min)
    [e10b_null20] 1500/1696 (1206s, eta 3 min)
    [e10b_null21] 1500/1696 (1210s, eta 3 min)
    [e10b_null22] 200/1696 (166s, eta 21 min)
    [e10b_null20] 1600/1696 (1287s, eta 1 min)
    [e10b_null21] 1600/1696 (1291s, eta 1 min)
    [e10b_null22] 300/1696 (243s, eta 19 min)
    [e10b_null20] 1696/1696 (1360s, eta 0 min)
[E10B] null 20: delta=0.0601 diff=3.08e-06 (1378.8s) | 5/84 this run, ETA 10.7 h
    [e10b_null21] 1696/1696 (1364s, eta 0 min)
[E10B] null 21: delta=0.0537 diff=-6.56e-07 (1383.1s) | 6/84 this run, ETA 8.8 h
    [e10b_null22] 400/1696 (325s, eta 18 min)
    [e10b_null23] 100/1696 (82s, eta 22 min)
    [e10b_null24] 100/1696 (82s, eta 22 min)
    [e10b_null22] 500/1696 (407s, eta 16 min)
    [e10b_null23] 200/1696 (163s, eta 20 min)
    [e10b_null24] 200/1696 (163s, eta 20 min)
    [e10b_null22] 600/1696 (487s, eta 15 min)
    [e10b_null23] 300/1696 (242s, eta 19 min)
    [e10b_null24] 300/1696 (242s, eta 19 min)
    [e10b_null22] 700/1696 (566s, eta 13 min)
    [e10b_null23] 400/1696 (322s, eta 17 min)
    [e10b_null24] 400/1696 (322s, eta 17 min)
    [e10b_null22] 800/1696 (646s, eta 12 min)
    [e10b_null23] 500/1696 (403s, eta 16 min)
    [e10b_null24] 500/1696 (404s, eta 16 min)
    [e10b_null22] 900/1696 (728s, eta 11 min)
    [e10b_null23] 600/1696 (483s, eta 15 min)
    [e10b_null24] 600/1696 (483s, eta 15 min)
    [e10b_null22] 1000/1696 (807s, eta 9 min)
    [e10b_null23] 700/1696 (561s, eta 13 min)
    [e10b_null24] 700/1696 (560s, eta 13 min)
    [e10b_null22] 1100/1696 (885s, eta 8 min)
    [e10b_null23] 800/1696 (638s, eta 12 min)
    [e10b_null24] 800/1696 (637s, eta 12 min)
    [e10b_null22] 1200/1696 (961s, eta 7 min)
    [e10b_null23] 900/1696 (715s, eta 11 min)
    [e10b_null24] 900/1696 (714s, eta 11 min)
    [e10b_null22] 1300/1696 (1038s, eta 5 min)
    [e10b_null23] 1000/1696 (798s, eta 9 min)
    [e10b_null24] 1000/1696 (798s, eta 9 min)
    [e10b_null22] 1400/1696 (1121s, eta 4 min)
    [e10b_null23] 1100/1696 (879s, eta 8 min)
    [e10b_null24] 1100/1696 (878s, eta 8 min)
    [e10b_null22] 1500/1696 (1202s, eta 3 min)
    [e10b_null23] 1200/1696 (960s, eta 7 min)
    [e10b_null24] 1200/1696 (959s, eta 7 min)
    [e10b_null22] 1600/1696 (1284s, eta 1 min)
    [e10b_null23] 1300/1696 (1043s, eta 5 min)
    [e10b_null24] 1300/1696 (1042s, eta 5 min)
    [e10b_null22] 1696/1696 (1363s, eta 0 min)
[E10B] null 22: delta=0.0755 diff=2.27e-06 (1382.2s) | 7/84 this run, ETA 10.7 h
    [e10b_null23] 1400/1696 (1125s, eta 4 min)
    [e10b_null24] 1400/1696 (1124s, eta 4 min)
    [e10b_null25] 100/1696 (82s, eta 22 min)
    [e10b_null23] 1500/1696 (1206s, eta 3 min)
    [e10b_null24] 1500/1696 (1205s, eta 3 min)
    [e10b_null25] 200/1696 (162s, eta 20 min)
    [e10b_null23] 1600/1696 (1288s, eta 1 min)
    [e10b_null24] 1600/1696 (1286s, eta 1 min)
    [e10b_null25] 300/1696 (245s, eta 19 min)
    [e10b_null23] 1696/1696 (1366s, eta 0 min)
[E10B] null 23: delta=0.0835 diff=2.16e-06 (1387.0s) | 8/84 this run, ETA 10.1 h
    [e10b_null24] 1696/1696 (1365s, eta 0 min)
[E10B] null 24: delta=0.0780 diff=6.67e-07 (1386.8s) | 9/84 this run, ETA 8.8 h
    [e10b_null25] 400/1696 (327s, eta 18 min)
    [e10b_null26] 100/1696 (81s, eta 22 min)
    [e10b_null27] 100/1696 (81s, eta 22 min)
    [e10b_null25] 500/1696 (408s, eta 16 min)
    [e10b_null26] 200/1696 (162s, eta 20 min)
    [e10b_null27] 200/1696 (162s, eta 20 min)
    [e10b_null25] 600/1696 (489s, eta 15 min)
    [e10b_null26] 300/1696 (242s, eta 19 min)
    [e10b_null27] 300/1696 (242s, eta 19 min)
    [e10b_null25] 700/1696 (568s, eta 13 min)
    [e10b_null26] 400/1696 (322s, eta 17 min)
    [e10b_null27] 400/1696 (321s, eta 17 min)
    [e10b_null25] 800/1696 (648s, eta 12 min)
    [e10b_null26] 500/1696 (401s, eta 16 min)
    [e10b_null27] 500/1696 (401s, eta 16 min)
    [e10b_null25] 900/1696 (727s, eta 11 min)
    [e10b_null26] 600/1696 (477s, eta 15 min)
    [e10b_null27] 600/1696 (476s, eta 14 min)
    [e10b_null25] 1000/1696 (797s, eta 9 min)
    [e10b_null26] 700/1696 (532s, eta 13 min)
    [e10b_null27] 700/1696 (531s, eta 13 min)
    [e10b_null25] 1100/1696 (852s, eta 8 min)
    [e10b_null26] 800/1696 (585s, eta 11 min)
    [e10b_null27] 800/1696 (584s, eta 11 min)
    [e10b_null25] 1200/1696 (905s, eta 6 min)
    [e10b_null26] 900/1696 (638s, eta 9 min)
    [e10b_null27] 900/1696 (637s, eta 9 min)
    [e10b_null25] 1300/1696 (959s, eta 5 min)
    [e10b_null26] 1000/1696 (693s, eta 8 min)
    [e10b_null27] 1000/1696 (693s, eta 8 min)
    [e10b_null25] 1400/1696 (1017s, eta 4 min)
    [e10b_null26] 1100/1696 (759s, eta 7 min)
    [e10b_null27] 1100/1696 (760s, eta 7 min)
    [e10b_null25] 1500/1696 (1082s, eta 2 min)
    [e10b_null26] 1200/1696 (825s, eta 6 min)
    [e10b_null27] 1200/1696 (825s, eta 6 min)
    [e10b_null25] 1600/1696 (1147s, eta 1 min)
    [e10b_null26] 1300/1696 (881s, eta 4 min)
    [e10b_null27] 1300/1696 (881s, eta 4 min)
    [e10b_null25] 1696/1696 (1199s, eta 0 min)
[E10B] null 25: delta=0.0596 diff=1.11e-16 (1218.9s) | 10/84 this run, ETA 9.7 h
    [e10b_null26] 1400/1696 (937s, eta 3 min)
    [e10b_null27] 1400/1696 (936s, eta 3 min)
    [e10b_null28] 100/1696 (54s, eta 14 min)
    [e10b_null26] 1500/1696 (991s, eta 2 min)
    [e10b_null27] 1500/1696 (989s, eta 2 min)
    [e10b_null28] 200/1696 (108s, eta 13 min)
    [e10b_null26] 1600/1696 (1044s, eta 1 min)
    [e10b_null27] 1600/1696 (1044s, eta 1 min)
    [e10b_null28] 300/1696 (163s, eta 13 min)
    [e10b_null26] 1696/1696 (1096s, eta 0 min)
[E10B] null 26: delta=0.0447 diff=1.31e-06 (1116.2s) | 11/84 this run, ETA 9.1 h
    [e10b_null27] 1696/1696 (1096s, eta 0 min)
[E10B] null 27: delta=0.0755 diff=3.73e-06 (1116.0s) | 12/84 this run, ETA 8.2 h
    [e10b_null28] 400/1696 (220s, eta 12 min)
    [e10b_null29] 100/1696 (56s, eta 15 min)
    [e10b_null30] 100/1696 (56s, eta 15 min)
    [e10b_null28] 500/1696 (276s, eta 11 min)
    [e10b_null29] 200/1696 (110s, eta 14 min)
    [e10b_null30] 200/1696 (111s, eta 14 min)
    [e10b_null28] 600/1696 (330s, eta 10 min)
    [e10b_null29] 300/1696 (164s, eta 13 min)
    [e10b_null30] 300/1696 (164s, eta 13 min)
    [e10b_null28] 700/1696 (384s, eta 9 min)
    [e10b_null29] 400/1696 (218s, eta 12 min)
    [e10b_null30] 400/1696 (218s, eta 12 min)
    [e10b_null28] 800/1696 (439s, eta 8 min)
    [e10b_null29] 500/1696 (272s, eta 11 min)
    [e10b_null30] 500/1696 (273s, eta 11 min)
    [e10b_null28] 900/1696 (493s, eta 7 min)
    [e10b_null29] 600/1696 (326s, eta 10 min)
    [e10b_null30] 600/1696 (327s, eta 10 min)
    [e10b_null28] 1000/1696 (548s, eta 6 min)
    [e10b_null29] 700/1696 (380s, eta 9 min)
    [e10b_null30] 700/1696 (383s, eta 9 min)
    [e10b_null28] 1100/1696 (603s, eta 5 min)
    [e10b_null29] 800/1696 (438s, eta 8 min)
    [e10b_null30] 800/1696 (441s, eta 8 min)
    [e10b_null28] 1200/1696 (661s, eta 5 min)
    [e10b_null29] 900/1696 (495s, eta 7 min)
    [e10b_null30] 900/1696 (497s, eta 7 min)
    [e10b_null28] 1300/1696 (718s, eta 4 min)
    [e10b_null29] 1000/1696 (551s, eta 6 min)
    [e10b_null30] 1000/1696 (553s, eta 6 min)
    [e10b_null28] 1400/1696 (772s, eta 3 min)
    [e10b_null29] 1100/1696 (599s, eta 5 min)
    [e10b_null30] 1100/1696 (602s, eta 5 min)
    [e10b_null28] 1500/1696 (820s, eta 2 min)
    [e10b_null29] 1200/1696 (648s, eta 4 min)
    [e10b_null30] 1200/1696 (651s, eta 4 min)
    [e10b_null28] 1600/1696 (869s, eta 1 min)
    [e10b_null29] 1300/1696 (697s, eta 4 min)
    [e10b_null30] 1300/1696 (699s, eta 4 min)
    [e10b_null28] 1696/1696 (917s, eta 0 min)
[E10B] null 28: delta=0.0668 diff=9.31e-07 (933.1s) | 13/84 this run, ETA 8.6 h
    [e10b_null29] 1400/1696 (746s, eta 3 min)
    [e10b_null30] 1400/1696 (749s, eta 3 min)
    [e10b_null31] 100/1696 (48s, eta 13 min)
    [e10b_null29] 1500/1696 (794s, eta 2 min)
    [e10b_null30] 1500/1696 (797s, eta 2 min)
    [e10b_null31] 200/1696 (95s, eta 12 min)
    [e10b_null29] 1600/1696 (842s, eta 1 min)
    [e10b_null30] 1600/1696 (846s, eta 1 min)
    [e10b_null31] 300/1696 (150s, eta 12 min)
    [e10b_null29] 1696/1696 (894s, eta 0 min)
[E10B] null 29: delta=0.0854 diff=2.42e-06 (909.7s) | 14/84 this run, ETA 8.1 h
    [e10b_null30] 1696/1696 (901s, eta 0 min)
[E10B] null 30: delta=0.0492 diff=3.25e-06 (915.7s) | 15/84 this run, ETA 7.5 h
    [e10b_null31] 400/1696 (206s, eta 11 min)
    [e10b_null32] 100/1696 (53s, eta 14 min)
    [e10b_null33] 100/1696 (53s, eta 14 min)
    [e10b_null31] 500/1696 (259s, eta 10 min)
    [e10b_null32] 200/1696 (107s, eta 13 min)
    [e10b_null33] 200/1696 (108s, eta 13 min)
    [e10b_null31] 600/1696 (314s, eta 10 min)
    [e10b_null32] 300/1696 (163s, eta 13 min)
    [e10b_null33] 300/1696 (163s, eta 13 min)
    [e10b_null31] 700/1696 (368s, eta 9 min)
    [e10b_null32] 400/1696 (215s, eta 12 min)
    [e10b_null33] 400/1696 (215s, eta 12 min)
    [e10b_null31] 800/1696 (420s, eta 8 min)
    [e10b_null32] 500/1696 (268s, eta 11 min)
    [e10b_null33] 500/1696 (269s, eta 11 min)
    [e10b_null31] 900/1696 (474s, eta 7 min)
    [e10b_null32] 600/1696 (319s, eta 10 min)
    [e10b_null33] 600/1696 (319s, eta 10 min)
    [e10b_null31] 1000/1696 (523s, eta 6 min)
    [e10b_null32] 700/1696 (367s, eta 9 min)
    [e10b_null33] 700/1696 (367s, eta 9 min)
    [e10b_null31] 1100/1696 (572s, eta 5 min)
    [e10b_null32] 800/1696 (415s, eta 8 min)
    [e10b_null33] 800/1696 (415s, eta 8 min)
    [e10b_null31] 1200/1696 (620s, eta 4 min)
    [e10b_null32] 900/1696 (463s, eta 7 min)
    [e10b_null33] 900/1696 (463s, eta 7 min)
    [e10b_null31] 1300/1696 (668s, eta 3 min)
    [e10b_null32] 1000/1696 (510s, eta 6 min)
    [e10b_null33] 1000/1696 (511s, eta 6 min)
    [e10b_null31] 1400/1696 (717s, eta 3 min)
    [e10b_null32] 1100/1696 (559s, eta 5 min)
    [e10b_null33] 1100/1696 (559s, eta 5 min)
    [e10b_null31] 1500/1696 (765s, eta 2 min)
    [e10b_null32] 1200/1696 (606s, eta 4 min)
    [e10b_null33] 1200/1696 (607s, eta 4 min)
    [e10b_null31] 1600/1696 (813s, eta 1 min)
    [e10b_null32] 1300/1696 (654s, eta 3 min)
    [e10b_null33] 1300/1696 (656s, eta 3 min)
    [e10b_null31] 1696/1696 (859s, eta 0 min)
[E10B] null 31: delta=0.1066 diff=1.53e-06 (872.9s) | 16/84 this run, ETA 7.7 h
    [e10b_null32] 1400/1696 (711s, eta 3 min)
    [e10b_null33] 1400/1696 (714s, eta 3 min)
    [e10b_null34] 100/1696 (53s, eta 14 min)
    [e10b_null32] 1500/1696 (765s, eta 2 min)
    [e10b_null33] 1500/1696 (767s, eta 2 min)
    [e10b_null34] 200/1696 (103s, eta 13 min)
    [e10b_null32] 1600/1696 (814s, eta 1 min)
    [e10b_null33] 1600/1696 (817s, eta 1 min)
    [e10b_null34] 300/1696 (152s, eta 12 min)
    [e10b_null32] 1696/1696 (860s, eta 0 min)
[E10B] null 32: delta=0.0609 diff=2.11e-06 (877.9s) | 17/84 this run, ETA 7.4 h
    [e10b_null33] 1696/1696 (864s, eta 0 min)
[E10B] null 33: delta=0.0386 diff=1.16e-06 (878.2s) | 18/84 this run, ETA 6.9 h
    [e10b_null34] 400/1696 (205s, eta 11 min)
    [e10b_null35] 100/1696 (55s, eta 15 min)
    [e10b_null36] 100/1696 (55s, eta 15 min)
    [e10b_null34] 500/1696 (259s, eta 10 min)
    [e10b_null35] 200/1696 (107s, eta 13 min)
    [e10b_null36] 200/1696 (105s, eta 13 min)
    [e10b_null34] 600/1696 (311s, eta 9 min)
    [e10b_null35] 300/1696 (157s, eta 12 min)
    [e10b_null36] 300/1696 (155s, eta 12 min)
    [e10b_null34] 700/1696 (360s, eta 9 min)
    [e10b_null35] 400/1696 (205s, eta 11 min)
    [e10b_null36] 400/1696 (202s, eta 11 min)
    [e10b_null34] 800/1696 (406s, eta 8 min)
    [e10b_null35] 500/1696 (255s, eta 10 min)
    [e10b_null36] 500/1696 (252s, eta 10 min)
    [e10b_null34] 900/1696 (456s, eta 7 min)
    [e10b_null35] 600/1696 (303s, eta 9 min)
    [e10b_null36] 600/1696 (301s, eta 9 min)
    [e10b_null34] 1000/1696 (506s, eta 6 min)
    [e10b_null35] 700/1696 (352s, eta 8 min)
    [e10b_null36] 700/1696 (349s, eta 8 min)
    [e10b_null34] 1100/1696 (553s, eta 5 min)
    [e10b_null35] 800/1696 (399s, eta 7 min)
    [e10b_null36] 800/1696 (396s, eta 7 min)
    [e10b_null34] 1200/1696 (600s, eta 4 min)
    [e10b_null35] 900/1696 (446s, eta 7 min)
    [e10b_null36] 900/1696 (443s, eta 7 min)
    [e10b_null34] 1300/1696 (648s, eta 3 min)
    [e10b_null35] 1000/1696 (493s, eta 6 min)
    [e10b_null36] 1000/1696 (489s, eta 6 min)
    [e10b_null34] 1400/1696 (694s, eta 2 min)
    [e10b_null35] 1100/1696 (539s, eta 5 min)
    [e10b_null36] 1100/1696 (536s, eta 5 min)
    [e10b_null34] 1500/1696 (742s, eta 2 min)
    [e10b_null35] 1200/1696 (586s, eta 4 min)
    [e10b_null36] 1200/1696 (583s, eta 4 min)
    [e10b_null34] 1600/1696 (788s, eta 1 min)
    [e10b_null35] 1300/1696 (634s, eta 3 min)
    [e10b_null36] 1300/1696 (630s, eta 3 min)
    [e10b_null34] 1696/1696 (833s, eta 0 min)
[E10B] null 34: delta=0.0446 diff=2.28e-06 (852.3s) | 19/84 this run, ETA 7.0 h
    [e10b_null35] 1400/1696 (682s, eta 2 min)
    [e10b_null36] 1400/1696 (678s, eta 2 min)
    [e10b_null37] 100/1696 (47s, eta 12 min)
    [e10b_null35] 1500/1696 (729s, eta 2 min)
    [e10b_null36] 1500/1696 (725s, eta 2 min)
    [e10b_null37] 200/1696 (94s, eta 12 min)
    [e10b_null35] 1600/1696 (776s, eta 1 min)
    [e10b_null36] 1600/1696 (772s, eta 1 min)
    [e10b_null37] 300/1696 (141s, eta 11 min)
    [e10b_null35] 1696/1696 (821s, eta 0 min)
[E10B] null 35: delta=0.0802 diff=1.61e-06 (835.1s) | 20/84 this run, ETA 6.7 h
    [e10b_null36] 1696/1696 (818s, eta 0 min)
[E10B] null 36: delta=0.0692 diff=2.91e-06 (833.4s) | 21/84 this run, ETA 6.3 h
    [e10b_null37] 400/1696 (193s, eta 10 min)
    [e10b_null38] 100/1696 (52s, eta 14 min)
    [e10b_null39] 100/1696 (50s, eta 13 min)
    [e10b_null37] 500/1696 (243s, eta 10 min)
    [e10b_null38] 200/1696 (102s, eta 13 min)
    [e10b_null39] 200/1696 (102s, eta 13 min)
    [e10b_null37] 600/1696 (294s, eta 9 min)
    [e10b_null38] 300/1696 (153s, eta 12 min)
    [e10b_null39] 300/1696 (153s, eta 12 min)
    [e10b_null37] 700/1696 (344s, eta 8 min)
    [e10b_null38] 400/1696 (204s, eta 11 min)
    [e10b_null39] 400/1696 (204s, eta 11 min)
    [e10b_null37] 800/1696 (395s, eta 7 min)
    [e10b_null38] 500/1696 (256s, eta 10 min)
    [e10b_null39] 500/1696 (255s, eta 10 min)
    [e10b_null37] 900/1696 (446s, eta 7 min)
    [e10b_null38] 600/1696 (304s, eta 9 min)
    [e10b_null39] 600/1696 (304s, eta 9 min)
    [e10b_null37] 1000/1696 (494s, eta 6 min)
    [e10b_null38] 700/1696 (351s, eta 8 min)
    [e10b_null39] 700/1696 (351s, eta 8 min)
    [e10b_null37] 1100/1696 (540s, eta 5 min)
    [e10b_null38] 800/1696 (398s, eta 7 min)
    [e10b_null39] 800/1696 (398s, eta 7 min)
    [e10b_null37] 1200/1696 (587s, eta 4 min)
    [e10b_null38] 900/1696 (446s, eta 7 min)
    [e10b_null39] 900/1696 (446s, eta 7 min)
    [e10b_null37] 1300/1696 (635s, eta 3 min)
    [e10b_null38] 1000/1696 (493s, eta 6 min)
    [e10b_null39] 1000/1696 (493s, eta 6 min)
    [e10b_null37] 1400/1696 (682s, eta 2 min)
    [e10b_null38] 1100/1696 (540s, eta 5 min)
    [e10b_null39] 1100/1696 (540s, eta 5 min)
    [e10b_null37] 1500/1696 (729s, eta 2 min)
    [e10b_null38] 1200/1696 (586s, eta 4 min)
    [e10b_null39] 1200/1696 (588s, eta 4 min)
    [e10b_null37] 1600/1696 (776s, eta 1 min)
    [e10b_null38] 1300/1696 (634s, eta 3 min)
    [e10b_null39] 1300/1696 (635s, eta 3 min)
    [e10b_null37] 1696/1696 (821s, eta 0 min)
[E10B] null 37: delta=0.0585 diff=1.24e-06 (833.7s) | 22/84 this run, ETA 6.4 h
    [e10b_null38] 1400/1696 (682s, eta 2 min)
    [e10b_null39] 1400/1696 (683s, eta 2 min)
    [e10b_null40] 100/1696 (47s, eta 13 min)
    [e10b_null38] 1500/1696 (729s, eta 2 min)
    [e10b_null39] 1500/1696 (730s, eta 2 min)
    [e10b_null40] 200/1696 (94s, eta 12 min)
    [e10b_null38] 1600/1696 (775s, eta 1 min)
    [e10b_null39] 1600/1696 (777s, eta 1 min)
    [e10b_null40] 300/1696 (141s, eta 11 min)
    [e10b_null38] 1696/1696 (821s, eta 0 min)
[E10B] null 38: delta=0.0952 diff=3.42e-06 (834.3s) | 23/84 this run, ETA 6.2 h
    [e10b_null39] 1696/1696 (824s, eta 0 min)
[E10B] null 39: delta=0.0919 diff=2.01e-06 (841.9s) | 24/84 this run, ETA 5.8 h
    [e10b_null40] 400/1696 (192s, eta 10 min)
    [e10b_null41] 100/1696 (49s, eta 13 min)
    [e10b_null42] 100/1696 (48s, eta 13 min)
    [e10b_null40] 500/1696 (239s, eta 10 min)
    [e10b_null41] 200/1696 (97s, eta 12 min)
    [e10b_null42] 200/1696 (96s, eta 12 min)
    [e10b_null40] 600/1696 (286s, eta 9 min)
    [e10b_null41] 300/1696 (143s, eta 11 min)
    [e10b_null42] 300/1696 (142s, eta 11 min)
    [e10b_null40] 700/1696 (333s, eta 8 min)
    [e10b_null41] 400/1696 (190s, eta 10 min)
    [e10b_null42] 400/1696 (189s, eta 10 min)
    [e10b_null40] 800/1696 (379s, eta 7 min)
    [e10b_null41] 500/1696 (237s, eta 9 min)
    [e10b_null42] 500/1696 (236s, eta 9 min)
    [e10b_null40] 900/1696 (426s, eta 6 min)
    [e10b_null41] 600/1696 (283s, eta 9 min)
    [e10b_null42] 600/1696 (282s, eta 9 min)
    [e10b_null40] 1000/1696 (472s, eta 5 min)
    [e10b_null41] 700/1696 (330s, eta 8 min)
    [e10b_null42] 700/1696 (328s, eta 8 min)
    [e10b_null40] 1100/1696 (518s, eta 5 min)
    [e10b_null41] 800/1696 (376s, eta 7 min)
    [e10b_null42] 800/1696 (375s, eta 7 min)
    [e10b_null40] 1200/1696 (565s, eta 4 min)
    [e10b_null41] 900/1696 (422s, eta 6 min)
    [e10b_null42] 900/1696 (421s, eta 6 min)
    [e10b_null40] 1300/1696 (612s, eta 3 min)
    [e10b_null41] 1000/1696 (469s, eta 5 min)
    [e10b_null42] 1000/1696 (467s, eta 5 min)
    [e10b_null40] 1400/1696 (659s, eta 2 min)
    [e10b_null41] 1100/1696 (515s, eta 5 min)
    [e10b_null42] 1100/1696 (513s, eta 5 min)
    [e10b_null40] 1500/1696 (705s, eta 2 min)
    [e10b_null41] 1200/1696 (561s, eta 4 min)
    [e10b_null42] 1200/1696 (559s, eta 4 min)
    [e10b_null40] 1600/1696 (751s, eta 1 min)
    [e10b_null41] 1300/1696 (607s, eta 3 min)
    [e10b_null42] 1300/1696 (605s, eta 3 min)
    [e10b_null40] 1696/1696 (795s, eta 0 min)
[E10B] null 40: delta=0.0689 diff=2.15e-06 (809.4s) | 25/84 this run, ETA 5.9 h
    [e10b_null41] 1400/1696 (654s, eta 2 min)
    [e10b_null42] 1400/1696 (652s, eta 2 min)
    [e10b_null43] 100/1696 (46s, eta 12 min)
    [e10b_null41] 1500/1696 (702s, eta 2 min)
    [e10b_null42] 1500/1696 (704s, eta 2 min)
    [e10b_null43] 200/1696 (98s, eta 12 min)
    [e10b_null41] 1600/1696 (29496s, eta 29 min)
    [e10b_null42] 1600/1696 (29527s, eta 30 min)
    [e10b_null43] 300/1696 (28942s, eta 2245 min)
    [e10b_null41] 1696/1696 (29604s, eta 0 min)
[E10B] null 41: delta=0.0864 diff=1.25e-06 (29615.4s) | 26/84 this run, ETA 23.6 h
    [e10b_null42] 1696/1696 (29617s, eta 0 min)
[E10B] null 42: delta=0.0517 diff=2.11e-06 (29628.4s) | 27/84 this run, ETA 22.3 h
    [e10b_null43] 400/1696 (29031s, eta 1568 min)
    [e10b_null44] 100/1696 (76s, eta 20 min)
    [e10b_null45] 100/1696 (68s, eta 18 min)
    [e10b_null43] 500/1696 (29096s, eta 1160 min)
    [e10b_null44] 200/1696 (140s, eta 17 min)
    [e10b_null45] 200/1696 (132s, eta 16 min)
    [e10b_null43] 600/1696 (29161s, eta 888 min)
    [e10b_null44] 300/1696 (210s, eta 16 min)
    [e10b_null45] 300/1696 (207s, eta 16 min)
    [e10b_null43] 700/1696 (29237s, eta 693 min)
    [e10b_null44] 400/1696 (280s, eta 15 min)
    [e10b_null45] 400/1696 (271s, eta 15 min)
    [e10b_null43] 800/1696 (29300s, eta 547 min)
    [e10b_null44] 500/1696 (343s, eta 14 min)
    [e10b_null45] 500/1696 (333s, eta 13 min)
    [e10b_null43] 900/1696 (29363s, eta 433 min)
    [e10b_null44] 600/1696 (415s, eta 13 min)
    [e10b_null45] 600/1696 (416s, eta 13 min)
    [e10b_null43] 1000/1696 (29450s, eta 342 min)
    [e10b_null44] 700/1696 (507s, eta 12 min)
    [e10b_null45] 700/1696 (508s, eta 12 min)
    [e10b_null43] 1100/1696 (29542s, eta 267 min)
    [e10b_null44] 800/1696 (597s, eta 11 min)
    [e10b_null45] 800/1696 (597s, eta 11 min)
    [e10b_null43] 1200/1696 (29633s, eta 204 min)
    [e10b_null44] 900/1696 (687s, eta 10 min)
    [e10b_null45] 900/1696 (686s, eta 10 min)
    [e10b_null43] 1300/1696 (29721s, eta 151 min)
    [e10b_null44] 1000/1696 (775s, eta 9 min)
    [e10b_null45] 1000/1696 (776s, eta 9 min)
    [e10b_null43] 1400/1696 (29813s, eta 105 min)
    [e10b_null44] 1100/1696 (866s, eta 8 min)
    [e10b_null45] 1100/1696 (865s, eta 8 min)
    [e10b_null43] 1500/1696 (29902s, eta 65 min)
    [e10b_null44] 1200/1696 (956s, eta 7 min)
    [e10b_null45] 1200/1696 (955s, eta 7 min)
    [e10b_null43] 1600/1696 (29992s, eta 30 min)
    [e10b_null44] 1300/1696 (1045s, eta 5 min)
    [e10b_null45] 1300/1696 (1045s, eta 5 min)
    [e10b_null43] 1696/1696 (30079s, eta 0 min)
[E10B] null 43: delta=0.0781 diff=3.77e-06 (30091.0s) | 28/84 this run, ETA 21.7 h
    [e10b_null44] 1400/1696 (1137s, eta 4 min)
    [e10b_null45] 1400/1696 (1137s, eta 4 min)
    [e10b_null46] 100/1696 (91s, eta 24 min)
    [e10b_null44] 1500/1696 (1230s, eta 3 min)
    [e10b_null45] 1500/1696 (1231s, eta 3 min)
    [e10b_null46] 200/1696 (185s, eta 23 min)
    [e10b_null44] 1600/1696 (1321s, eta 1 min)
    [e10b_null45] 1600/1696 (1321s, eta 1 min)
    [e10b_null46] 300/1696 (279s, eta 22 min)
    [e10b_null44] 1696/1696 (1411s, eta 0 min)
[E10B] null 44: delta=0.1084 diff=2.63e-06 (1432.9s) | 29/84 this run, ETA 20.8 h
    [e10b_null45] 1696/1696 (1414s, eta 0 min)
[E10B] null 45: delta=0.0564 diff=2.21e-07 (1439.3s) | 30/84 this run, ETA 19.7 h
    [e10b_null46] 400/1696 (373s, eta 20 min)
    [e10b_null47] 100/1696 (91s, eta 24 min)
    [e10b_null48] 100/1696 (90s, eta 24 min)
    [e10b_null46] 500/1696 (463s, eta 18 min)
    [e10b_null47] 200/1696 (180s, eta 22 min)
    [e10b_null48] 200/1696 (179s, eta 22 min)
    [e10b_null46] 600/1696 (552s, eta 17 min)
    [e10b_null47] 300/1696 (269s, eta 21 min)
    [e10b_null48] 300/1696 (270s, eta 21 min)
    [e10b_null46] 700/1696 (644s, eta 15 min)
    [e10b_null47] 400/1696 (360s, eta 19 min)
    [e10b_null48] 400/1696 (361s, eta 19 min)
    [e10b_null46] 800/1696 (734s, eta 14 min)
    [e10b_null47] 500/1696 (451s, eta 18 min)
    [e10b_null48] 500/1696 (452s, eta 18 min)
    [e10b_null46] 900/1696 (824s, eta 12 min)
    [e10b_null47] 600/1696 (539s, eta 16 min)
    [e10b_null48] 600/1696 (531s, eta 16 min)
    [e10b_null46] 1000/1696 (897s, eta 10 min)
    [e10b_null47] 700/1696 (603s, eta 14 min)
    [e10b_null48] 700/1696 (592s, eta 14 min)
    [e10b_null46] 1100/1696 (958s, eta 9 min)
    [e10b_null47] 800/1696 (663s, eta 12 min)
    [e10b_null48] 800/1696 (653s, eta 12 min)
    [e10b_null46] 1200/1696 (1019s, eta 7 min)
    [e10b_null47] 900/1696 (724s, eta 11 min)
    [e10b_null48] 900/1696 (712s, eta 10 min)
    [e10b_null46] 1300/1696 (1077s, eta 5 min)
    [e10b_null47] 1000/1696 (787s, eta 9 min)
    [e10b_null48] 1000/1696 (779s, eta 9 min)
    [e10b_null46] 1400/1696 (1144s, eta 4 min)
    [e10b_null47] 1100/1696 (851s, eta 8 min)
    [e10b_null48] 1100/1696 (841s, eta 8 min)
    [e10b_null46] 1500/1696 (1206s, eta 3 min)
    [e10b_null47] 1200/1696 (915s, eta 6 min)
    [e10b_null48] 1200/1696 (906s, eta 6 min)
    [e10b_null46] 1600/1696 (1270s, eta 1 min)
    [e10b_null47] 1300/1696 (976s, eta 5 min)
    [e10b_null48] 1300/1696 (976s, eta 5 min)
    [e10b_null46] 1696/1696 (1339s, eta 0 min)
[E10B] null 46: delta=0.0894 diff=3.31e-07 (1364.7s) | 31/84 this run, ETA 19.2 h
    [e10b_null47] 1400/1696 (1060s, eta 4 min)
    [e10b_null48] 1400/1696 (1063s, eta 4 min)
    [e10b_null49] 100/1696 (90s, eta 24 min)
    [e10b_null47] 1500/1696 (1150s, eta 3 min)
    [e10b_null48] 1500/1696 (1154s, eta 3 min)
    [e10b_null49] 200/1696 (179s, eta 22 min)
    [e10b_null47] 1600/1696 (1238s, eta 1 min)
    [e10b_null48] 1600/1696 (1242s, eta 1 min)
    [e10b_null49] 300/1696 (267s, eta 21 min)
    [e10b_null47] 1696/1696 (1323s, eta 0 min)
[E10B] null 47: delta=0.0406 diff=1.66e-06 (1349.1s) | 32/84 this run, ETA 18.4 h
    [e10b_null48] 1696/1696 (1329s, eta 0 min)
[E10B] null 48: delta=0.0927 diff=1.54e-06 (1352.4s) | 33/84 this run, ETA 17.5 h
    [e10b_null49] 400/1696 (361s, eta 19 min)
    [e10b_null50] 100/1696 (96s, eta 25 min)
    [e10b_null51] 100/1696 (97s, eta 26 min)
    [e10b_null49] 500/1696 (457s, eta 18 min)
    [e10b_null50] 200/1696 (192s, eta 24 min)
    [e10b_null51] 200/1696 (193s, eta 24 min)
    [e10b_null49] 600/1696 (554s, eta 17 min)
    [e10b_null50] 300/1696 (286s, eta 22 min)
    [e10b_null51] 300/1696 (284s, eta 22 min)
    [e10b_null49] 700/1696 (644s, eta 15 min)
    [e10b_null50] 400/1696 (377s, eta 20 min)
    [e10b_null51] 400/1696 (378s, eta 20 min)
    [e10b_null49] 800/1696 (739s, eta 14 min)
    [e10b_null50] 500/1696 (478s, eta 19 min)
    [e10b_null51] 500/1696 (481s, eta 19 min)
    [e10b_null49] 900/1696 (841s, eta 12 min)
    [e10b_null50] 600/1696 (565s, eta 17 min)
    [e10b_null51] 600/1696 (551s, eta 17 min)
    [e10b_null49] 1000/1696 (904s, eta 10 min)
    [e10b_null50] 700/1696 (627s, eta 15 min)
    [e10b_null51] 700/1696 (612s, eta 15 min)
    [e10b_null49] 1100/1696 (966s, eta 9 min)
    [e10b_null50] 800/1696 (689s, eta 13 min)
    [e10b_null51] 800/1696 (678s, eta 13 min)
    [e10b_null49] 1200/1696 (1032s, eta 7 min)
    [e10b_null50] 900/1696 (755s, eta 11 min)
    [e10b_null51] 900/1696 (745s, eta 11 min)
    [e10b_null49] 1300/1696 (1107s, eta 6 min)
    [e10b_null50] 1000/1696 (847s, eta 10 min)
    [e10b_null51] 1000/1696 (852s, eta 10 min)
    [e10b_null49] 1400/1696 (1212s, eta 4 min)
    [e10b_null50] 1100/1696 (951s, eta 9 min)
    [e10b_null51] 1100/1696 (953s, eta 9 min)
    [e10b_null49] 1500/1696 (1314s, eta 3 min)
    [e10b_null50] 1200/1696 (1053s, eta 7 min)
    [e10b_null51] 1200/1696 (1054s, eta 7 min)
    [e10b_null49] 1600/1696 (1415s, eta 1 min)
    [e10b_null50] 1300/1696 (1157s, eta 6 min)
    [e10b_null51] 1300/1696 (1158s, eta 6 min)
    [e10b_null49] 1696/1696 (1514s, eta 0 min)
[E10B] null 49: delta=0.0629 diff=1.56e-06 (1536.8s) | 34/84 this run, ETA 17.2 h
    [e10b_null50] 1400/1696 (1260s, eta 4 min)
    [e10b_null51] 1400/1696 (1259s, eta 4 min)
    [e10b_null52] 100/1696 (102s, eta 27 min)
    [e10b_null50] 1500/1696 (1363s, eta 3 min)
    [e10b_null51] 1500/1696 (1362s, eta 3 min)
    [e10b_null52] 200/1696 (198s, eta 25 min)
    [e10b_null50] 1600/1696 (1449s, eta 1 min)
    [e10b_null51] 1600/1696 (1431s, eta 1 min)
    [e10b_null52] 300/1696 (322s, eta 25 min)
    [e10b_null50] 1696/1696 (1575s, eta 0 min)
[E10B] null 50: delta=0.1128 diff=2.20e-06 (1595.7s) | 35/84 this run, ETA 16.5 h
    [e10b_null51] 1696/1696 (1563s, eta 0 min)
[E10B] null 51: delta=0.0394 diff=1.82e-06 (1585.0s) | 36/84 this run, ETA 15.7 h
    [e10b_null52] 400/1696 (397s, eta 21 min)
    [e10b_null53] 100/1696 (68s, eta 18 min)
    [e10b_null54] 100/1696 (66s, eta 18 min)
    [e10b_null52] 500/1696 (463s, eta 18 min)
    [e10b_null53] 200/1696 (132s, eta 16 min)
    [e10b_null54] 200/1696 (130s, eta 16 min)
    [e10b_null52] 600/1696 (526s, eta 16 min)
    [e10b_null53] 300/1696 (195s, eta 15 min)
    [e10b_null54] 300/1696 (191s, eta 15 min)
    [e10b_null52] 700/1696 (587s, eta 14 min)
    [e10b_null53] 400/1696 (258s, eta 14 min)
    [e10b_null54] 400/1696 (254s, eta 14 min)
    [e10b_null52] 800/1696 (650s, eta 12 min)
    [e10b_null53] 500/1696 (319s, eta 13 min)
    [e10b_null54] 500/1696 (316s, eta 13 min)
    [e10b_null52] 900/1696 (712s, eta 10 min)
    [e10b_null53] 600/1696 (380s, eta 12 min)
    [e10b_null54] 600/1696 (378s, eta 11 min)
    [e10b_null52] 1000/1696 (773s, eta 9 min)
    [e10b_null53] 700/1696 (441s, eta 10 min)
    [e10b_null54] 700/1696 (438s, eta 10 min)
    [e10b_null52] 1100/1696 (834s, eta 8 min)
    [e10b_null53] 800/1696 (502s, eta 9 min)
    [e10b_null54] 800/1696 (499s, eta 9 min)
    [e10b_null52] 1200/1696 (894s, eta 6 min)
    [e10b_null53] 900/1696 (562s, eta 8 min)
    [e10b_null54] 900/1696 (559s, eta 8 min)
    [e10b_null52] 1300/1696 (954s, eta 5 min)
    [e10b_null53] 1000/1696 (622s, eta 7 min)
    [e10b_null54] 1000/1696 (620s, eta 7 min)
    [e10b_null52] 1400/1696 (1014s, eta 4 min)
    [e10b_null53] 1100/1696 (684s, eta 6 min)
    [e10b_null54] 1100/1696 (681s, eta 6 min)
    [e10b_null52] 1500/1696 (1077s, eta 2 min)
    [e10b_null53] 1200/1696 (745s, eta 5 min)
    [e10b_null54] 1200/1696 (742s, eta 5 min)
    [e10b_null52] 1600/1696 (1138s, eta 1 min)
    [e10b_null53] 1300/1696 (805s, eta 4 min)
    [e10b_null54] 1300/1696 (803s, eta 4 min)
    [e10b_null52] 1696/1696 (1196s, eta 0 min)
[E10B] null 52: delta=0.0709 diff=9.83e-07 (1219.6s) | 37/84 this run, ETA 15.3 h
    [e10b_null53] 1400/1696 (867s, eta 3 min)
    [e10b_null54] 1400/1696 (865s, eta 3 min)
    [e10b_null55] 100/1696 (62s, eta 16 min)
    [e10b_null53] 1500/1696 (928s, eta 2 min)
    [e10b_null54] 1500/1696 (926s, eta 2 min)
    [e10b_null55] 200/1696 (122s, eta 15 min)
    [e10b_null53] 1600/1696 (988s, eta 1 min)
    [e10b_null54] 1600/1696 (987s, eta 1 min)
    [e10b_null55] 300/1696 (180s, eta 14 min)
    [e10b_null53] 1696/1696 (1041s, eta 0 min)
[E10B] null 53: delta=0.0792 diff=3.86e-07 (1062.2s) | 38/84 this run, ETA 14.6 h
    [e10b_null54] 1696/1696 (1040s, eta 0 min)
[E10B] null 54: delta=0.1080 diff=1.22e-06 (1057.5s) | 39/84 this run, ETA 13.9 h
    [e10b_null55] 400/1696 (241s, eta 13 min)
    [e10b_null56] 100/1696 (64s, eta 17 min)
    [e10b_null57] 100/1696 (61s, eta 16 min)
    [e10b_null55] 500/1696 (300s, eta 12 min)
    [e10b_null56] 200/1696 (122s, eta 15 min)
    [e10b_null57] 200/1696 (121s, eta 15 min)
    [e10b_null55] 600/1696 (360s, eta 11 min)
    [e10b_null56] 300/1696 (183s, eta 14 min)
    [e10b_null57] 300/1696 (181s, eta 14 min)
    [e10b_null55] 700/1696 (420s, eta 10 min)
    [e10b_null56] 400/1696 (242s, eta 13 min)
    [e10b_null57] 400/1696 (239s, eta 13 min)
    [e10b_null55] 800/1696 (479s, eta 9 min)
    [e10b_null56] 500/1696 (301s, eta 12 min)
    [e10b_null57] 500/1696 (299s, eta 12 min)
    [e10b_null55] 900/1696 (538s, eta 8 min)
    [e10b_null56] 600/1696 (360s, eta 11 min)
    [e10b_null57] 600/1696 (360s, eta 11 min)
    [e10b_null55] 1000/1696 (599s, eta 7 min)
    [e10b_null56] 700/1696 (421s, eta 10 min)
    [e10b_null57] 700/1696 (421s, eta 10 min)
    [e10b_null55] 1100/1696 (659s, eta 6 min)
    [e10b_null56] 800/1696 (481s, eta 9 min)
    [e10b_null57] 800/1696 (482s, eta 9 min)
    [e10b_null55] 1200/1696 (721s, eta 5 min)
    [e10b_null56] 900/1696 (543s, eta 8 min)
    [e10b_null57] 900/1696 (544s, eta 8 min)
    [e10b_null55] 1300/1696 (782s, eta 4 min)
    [e10b_null56] 1000/1696 (604s, eta 7 min)
    [e10b_null57] 1000/1696 (605s, eta 7 min)
    [e10b_null55] 1400/1696 (843s, eta 3 min)
    [e10b_null56] 1100/1696 (665s, eta 6 min)
    [e10b_null57] 1100/1696 (665s, eta 6 min)
    [e10b_null55] 1500/1696 (904s, eta 2 min)
    [e10b_null56] 1200/1696 (726s, eta 5 min)
    [e10b_null57] 1200/1696 (728s, eta 5 min)
    [e10b_null55] 1600/1696 (966s, eta 1 min)
    [e10b_null56] 1300/1696 (789s, eta 4 min)
    [e10b_null57] 1300/1696 (789s, eta 4 min)
    [e10b_null55] 1696/1696 (1024s, eta 0 min)
[E10B] null 55: delta=0.0706 diff=1.25e-06 (1040.6s) | 40/84 this run, ETA 13.5 h
    [e10b_null56] 1400/1696 (850s, eta 3 min)
    [e10b_null57] 1400/1696 (851s, eta 3 min)
    [e10b_null58] 100/1696 (62s, eta 16 min)
    [e10b_null56] 1500/1696 (912s, eta 2 min)
    [e10b_null57] 1500/1696 (912s, eta 2 min)
    [e10b_null58] 200/1696 (122s, eta 15 min)
    [e10b_null56] 1600/1696 (972s, eta 1 min)
    [e10b_null57] 1600/1696 (974s, eta 1 min)
    [e10b_null58] 300/1696 (183s, eta 14 min)
    [e10b_null56] 1696/1696 (1031s, eta 0 min)
[E10B] null 56: delta=0.0929 diff=1.30e-06 (1044.9s) | 41/84 this run, ETA 13.0 h
    [e10b_null57] 1696/1696 (1033s, eta 0 min)
[E10B] null 57: delta=0.1054 diff=1.63e-06 (1050.5s) | 42/84 this run, ETA 12.4 h
    [e10b_null58] 400/1696 (249s, eta 13 min)
    [e10b_null59] 100/1696 (66s, eta 18 min)
    [e10b_null60] 100/1696 (66s, eta 17 min)
    [e10b_null58] 500/1696 (314s, eta 13 min)
    [e10b_null59] 200/1696 (131s, eta 16 min)
    [e10b_null60] 200/1696 (132s, eta 16 min)
    [e10b_null58] 600/1696 (381s, eta 12 min)
    [e10b_null59] 300/1696 (196s, eta 15 min)
    [e10b_null60] 300/1696 (205s, eta 16 min)
    [e10b_null58] 700/1696 (452s, eta 11 min)
    [e10b_null59] 400/1696 (269s, eta 15 min)
    [e10b_null60] 400/1696 (290s, eta 16 min)
    [e10b_null58] 800/1696 (543s, eta 10 min)
    [e10b_null59] 500/1696 (371s, eta 15 min)
    [e10b_null60] 500/1696 (379s, eta 15 min)
    [e10b_null58] 900/1696 (632s, eta 9 min)
    [e10b_null59] 600/1696 (456s, eta 14 min)
    [e10b_null60] 600/1696 (462s, eta 14 min)
    [e10b_null58] 1000/1696 (712s, eta 8 min)
    [e10b_null59] 700/1696 (534s, eta 13 min)
    [e10b_null60] 700/1696 (543s, eta 13 min)
    [e10b_null58] 1100/1696 (791s, eta 7 min)
    [e10b_null59] 800/1696 (615s, eta 11 min)
    [e10b_null60] 800/1696 (615s, eta 11 min)
    [e10b_null58] 1200/1696 (862s, eta 6 min)
    [e10b_null59] 900/1696 (683s, eta 10 min)
    [e10b_null60] 900/1696 (686s, eta 10 min)
    [e10b_null58] 1300/1696 (934s, eta 5 min)
    [e10b_null59] 1000/1696 (757s, eta 9 min)
    [e10b_null60] 1000/1696 (767s, eta 9 min)
    [e10b_null58] 1400/1696 (1017s, eta 4 min)
    [e10b_null59] 1100/1696 (843s, eta 8 min)
    [e10b_null60] 1100/1696 (848s, eta 8 min)
    [e10b_null58] 1500/1696 (1096s, eta 2 min)
    [e10b_null59] 1200/1696 (924s, eta 6 min)
    [e10b_null60] 1200/1696 (932s, eta 6 min)
    [e10b_null58] 1600/1696 (1180s, eta 1 min)
    [e10b_null59] 1300/1696 (999s, eta 5 min)
    [e10b_null60] 1300/1696 (1003s, eta 5 min)
    [e10b_null58] 1696/1696 (1250s, eta 0 min)
[E10B] null 58: delta=0.0100 diff=-3.29e-07 (1269.8s) | 43/84 this run, ETA 12.1 h
    [e10b_null59] 1400/1696 (1074s, eta 4 min)
    [e10b_null60] 1400/1696 (1077s, eta 4 min)
    [e10b_null61] 100/1696 (73s, eta 20 min)
    [e10b_null59] 1500/1696 (1147s, eta 2 min)
    [e10b_null60] 1500/1696 (1158s, eta 3 min)
    [e10b_null61] 200/1696 (154s, eta 19 min)
    [e10b_null59] 1600/1696 (1228s, eta 1 min)
    [e10b_null60] 1600/1696 (1233s, eta 1 min)
    [e10b_null61] 300/1696 (228s, eta 18 min)
    [e10b_null59] 1696/1696 (1298s, eta 0 min)
[E10B] null 59: delta=0.0382 diff=1.30e-06 (1313.6s) | 44/84 this run, ETA 11.6 h
    [e10b_null60] 1696/1696 (1302s, eta 0 min)
[E10B] null 60: delta=0.0653 diff=2.14e-06 (1319.3s) | 45/84 this run, ETA 11.0 h
    [e10b_null61] 400/1696 (305s, eta 16 min)
    [e10b_null62] 100/1696 (78s, eta 21 min)
    [e10b_null63] 100/1696 (72s, eta 19 min)
    [e10b_null61] 500/1696 (373s, eta 15 min)
    [e10b_null62] 200/1696 (141s, eta 18 min)
    [e10b_null63] 200/1696 (135s, eta 17 min)
    [e10b_null61] 600/1696 (438s, eta 13 min)
    [e10b_null62] 300/1696 (210s, eta 16 min)
    [e10b_null63] 300/1696 (206s, eta 16 min)
    [e10b_null61] 700/1696 (509s, eta 12 min)
    [e10b_null62] 400/1696 (277s, eta 15 min)
    [e10b_null63] 400/1696 (281s, eta 15 min)
    [e10b_null61] 800/1696 (588s, eta 11 min)
    [e10b_null62] 500/1696 (361s, eta 14 min)
    [e10b_null63] 500/1696 (361s, eta 14 min)
    [e10b_null61] 900/1696 (663s, eta 10 min)
    [e10b_null62] 600/1696 (436s, eta 13 min)
    [e10b_null63] 600/1696 (435s, eta 13 min)
    [e10b_null61] 1000/1696 (738s, eta 9 min)
    [e10b_null62] 700/1696 (511s, eta 12 min)
    [e10b_null63] 700/1696 (513s, eta 12 min)
    [e10b_null61] 1100/1696 (816s, eta 7 min)
    [e10b_null62] 800/1696 (587s, eta 11 min)
    [e10b_null63] 800/1696 (589s, eta 11 min)
    [e10b_null61] 1200/1696 (890s, eta 6 min)
    [e10b_null62] 900/1696 (658s, eta 10 min)
    [e10b_null63] 900/1696 (651s, eta 10 min)
    [e10b_null61] 1300/1696 (952s, eta 5 min)
    [e10b_null62] 1000/1696 (724s, eta 8 min)
    [e10b_null63] 1000/1696 (723s, eta 8 min)
    [e10b_null61] 1400/1696 (1025s, eta 4 min)
    [e10b_null62] 1100/1696 (794s, eta 7 min)
    [e10b_null63] 1100/1696 (793s, eta 7 min)
    [e10b_null61] 1500/1696 (1095s, eta 2 min)
    [e10b_null62] 1200/1696 (868s, eta 6 min)
    [e10b_null63] 1200/1696 (868s, eta 6 min)
    [e10b_null61] 1600/1696 (1170s, eta 1 min)
    [e10b_null62] 1300/1696 (939s, eta 5 min)
    [e10b_null63] 1300/1696 (938s, eta 5 min)
    [e10b_null61] 1696/1696 (1237s, eta 0 min)
[E10B] null 61: delta=0.0816 diff=2.14e-06 (1255.9s) | 46/84 this run, ETA 10.7 h
    [e10b_null62] 1400/1696 (1013s, eta 4 min)
    [e10b_null63] 1400/1696 (1017s, eta 4 min)
    [e10b_null64] 100/1696 (78s, eta 21 min)
    [e10b_null62] 1500/1696 (1092s, eta 2 min)
    [e10b_null63] 1500/1696 (1094s, eta 2 min)
    [e10b_null64] 200/1696 (154s, eta 19 min)
    [e10b_null62] 1600/1696 (1168s, eta 1 min)
    [e10b_null63] 1600/1696 (1173s, eta 1 min)
    [e10b_null64] 300/1696 (235s, eta 18 min)
    [e10b_null62] 1696/1696 (1246s, eta 0 min)
[E10B] null 62: delta=0.0608 diff=2.68e-06 (1263.8s) | 47/84 this run, ETA 10.3 h
    [e10b_null63] 1696/1696 (1251s, eta 0 min)
[E10B] null 63: delta=0.0745 diff=2.15e-06 (1270.4s) | 48/84 this run, ETA 9.8 h
    [e10b_null64] 400/1696 (314s, eta 17 min)
    [e10b_null65] 100/1696 (80s, eta 21 min)
    [e10b_null66] 100/1696 (73s, eta 19 min)
    [e10b_null64] 500/1696 (386s, eta 15 min)
    [e10b_null65] 200/1696 (151s, eta 19 min)
    [e10b_null66] 200/1696 (150s, eta 19 min)
    [e10b_null64] 600/1696 (462s, eta 14 min)
    [e10b_null65] 300/1696 (225s, eta 17 min)
    [e10b_null66] 300/1696 (214s, eta 17 min)
    [e10b_null64] 700/1696 (524s, eta 12 min)
    [e10b_null65] 400/1696 (288s, eta 16 min)
    [e10b_null66] 400/1696 (278s, eta 15 min)
    [e10b_null64] 800/1696 (589s, eta 11 min)
    [e10b_null65] 500/1696 (353s, eta 14 min)
    [e10b_null66] 500/1696 (342s, eta 14 min)
    [e10b_null64] 900/1696 (653s, eta 10 min)
    [e10b_null65] 600/1696 (416s, eta 13 min)
    [e10b_null66] 600/1696 (406s, eta 12 min)
    [e10b_null64] 1000/1696 (717s, eta 8 min)
    [e10b_null65] 700/1696 (481s, eta 11 min)
    [e10b_null66] 700/1696 (470s, eta 11 min)
    [e10b_null64] 1100/1696 (781s, eta 7 min)
    [e10b_null65] 800/1696 (544s, eta 10 min)
    [e10b_null66] 800/1696 (533s, eta 10 min)
    [e10b_null64] 1200/1696 (843s, eta 6 min)
    [e10b_null65] 900/1696 (607s, eta 9 min)
    [e10b_null66] 900/1696 (595s, eta 9 min)
    [e10b_null64] 1300/1696 (906s, eta 5 min)
    [e10b_null65] 1000/1696 (671s, eta 8 min)
    [e10b_null66] 1000/1696 (662s, eta 8 min)
    [e10b_null64] 1400/1696 (974s, eta 3 min)
    [e10b_null65] 1100/1696 (738s, eta 7 min)
    [e10b_null66] 1100/1696 (730s, eta 7 min)
    [e10b_null64] 1500/1696 (1042s, eta 2 min)
    [e10b_null65] 1200/1696 (806s, eta 6 min)
    [e10b_null66] 1200/1696 (797s, eta 5 min)
    [e10b_null64] 1600/1696 (1109s, eta 1 min)
    [e10b_null65] 1300/1696 (873s, eta 4 min)
    [e10b_null66] 1300/1696 (863s, eta 4 min)
    [e10b_null64] 1696/1696 (1172s, eta 0 min)
[E10B] null 64: delta=0.0685 diff=1.48e-06 (1193.5s) | 49/84 this run, ETA 9.5 h
    [e10b_null65] 1400/1696 (939s, eta 3 min)
    [e10b_null66] 1400/1696 (931s, eta 3 min)
    [e10b_null67] 100/1696 (68s, eta 18 min)
    [e10b_null65] 1500/1696 (1007s, eta 2 min)
    [e10b_null66] 1500/1696 (998s, eta 2 min)
    [e10b_null67] 200/1696 (135s, eta 17 min)
    [e10b_null65] 1600/1696 (1074s, eta 1 min)
    [e10b_null66] 1600/1696 (1065s, eta 1 min)
    [e10b_null67] 300/1696 (203s, eta 16 min)
    [e10b_null65] 1696/1696 (1139s, eta 0 min)
[E10B] null 65: delta=0.1133 diff=2.30e-06 (1160.2s) | 50/84 this run, ETA 9.1 h
    [e10b_null66] 1696/1696 (1130s, eta 0 min)
[E10B] null 66: delta=0.0924 diff=2.23e-06 (1149.2s) | 51/84 this run, ETA 8.7 h
    [e10b_null67] 400/1696 (279s, eta 15 min)
    [e10b_null68] 100/1696 (95s, eta 25 min)
    [e10b_null69] 100/1696 (102s, eta 27 min)
    [e10b_null67] 500/1696 (375s, eta 15 min)
    [e10b_null68] 200/1696 (171s, eta 21 min)
    [e10b_null69] 200/1696 (170s, eta 21 min)
    [e10b_null67] 600/1696 (442s, eta 13 min)
    [e10b_null68] 300/1696 (238s, eta 18 min)
    [e10b_null69] 300/1696 (237s, eta 18 min)
    [e10b_null67] 700/1696 (509s, eta 12 min)
    [e10b_null68] 400/1696 (306s, eta 17 min)
    [e10b_null69] 400/1696 (304s, eta 16 min)
    [e10b_null67] 800/1696 (592s, eta 11 min)
    [e10b_null68] 500/1696 (388s, eta 15 min)
    [e10b_null69] 500/1696 (391s, eta 16 min)
    [e10b_null67] 900/1696 (663s, eta 10 min)
    [e10b_null68] 600/1696 (3835s, eta 117 min)
    [e10b_null69] 600/1696 (3837s, eta 117 min)
    [e10b_null67] 1000/1696 (4109s, eta 48 min)
    [e10b_null68] 700/1696 (3903s, eta 93 min)
    [e10b_null69] 700/1696 (3896s, eta 92 min)
    [e10b_null67] 1100/1696 (4166s, eta 38 min)
    [e10b_null68] 800/1696 (3959s, eta 74 min)
    [e10b_null69] 800/1696 (3952s, eta 74 min)
    [e10b_null67] 1200/1696 (4223s, eta 29 min)
    [e10b_null68] 900/1696 (4017s, eta 59 min)
    [e10b_null69] 900/1696 (4010s, eta 59 min)
    [e10b_null67] 1300/1696 (4280s, eta 22 min)
    [e10b_null68] 1000/1696 (4074s, eta 47 min)
    [e10b_null69] 1000/1696 (4067s, eta 47 min)
    [e10b_null67] 1400/1696 (4337s, eta 15 min)
    [e10b_null68] 1100/1696 (4130s, eta 37 min)
    [e10b_null69] 1100/1696 (4123s, eta 37 min)
    [e10b_null67] 1500/1696 (4394s, eta 10 min)
    [e10b_null68] 1200/1696 (4186s, eta 29 min)
    [e10b_null69] 1200/1696 (4180s, eta 29 min)
    [e10b_null67] 1600/1696 (4451s, eta 4 min)
    [e10b_null68] 1300/1696 (4244s, eta 22 min)
    [e10b_null69] 1300/1696 (4238s, eta 22 min)
    [e10b_null67] 1696/1696 (4506s, eta 0 min)
[E10B] null 67: delta=0.0932 diff=5.71e-07 (4524.8s) | 52/84 this run, ETA 9.0 h
    [e10b_null68] 1400/1696 (4302s, eta 15 min)
    [e10b_null69] 1400/1696 (4295s, eta 15 min)
    [e10b_null70] 100/1696 (58s, eta 15 min)
    [e10b_null68] 1500/1696 (4360s, eta 9 min)
    [e10b_null69] 1500/1696 (4353s, eta 9 min)
    [e10b_null70] 200/1696 (115s, eta 14 min)
    [e10b_null68] 1600/1696 (4417s, eta 4 min)
    [e10b_null69] 1600/1696 (4410s, eta 4 min)
    [e10b_null70] 300/1696 (172s, eta 13 min)
    [e10b_null68] 1696/1696 (4473s, eta 0 min)
[E10B] null 68: delta=0.0851 diff=3.05e-06 (4491.4s) | 53/84 this run, ETA 8.6 h
    [e10b_null69] 1696/1696 (4468s, eta 0 min)
[E10B] null 69: delta=0.0636 diff=2.14e-06 (4486.1s) | 54/84 this run, ETA 8.1 h
    [e10b_null70] 400/1696 (234s, eta 13 min)
    [e10b_null71] 100/1696 (60s, eta 16 min)
    [e10b_null72] 100/1696 (59s, eta 16 min)
    [e10b_null70] 500/1696 (296s, eta 12 min)
    [e10b_null71] 200/1696 (122s, eta 15 min)
    [e10b_null72] 200/1696 (121s, eta 15 min)
    [e10b_null70] 600/1696 (356s, eta 11 min)
    [e10b_null71] 300/1696 (182s, eta 14 min)
    [e10b_null72] 300/1696 (182s, eta 14 min)
    [e10b_null70] 700/1696 (416s, eta 10 min)
    [e10b_null71] 400/1696 (244s, eta 13 min)
    [e10b_null72] 400/1696 (246s, eta 13 min)
    [e10b_null70] 800/1696 (481s, eta 9 min)
    [e10b_null71] 500/1696 (308s, eta 12 min)
    [e10b_null72] 500/1696 (309s, eta 12 min)
    [e10b_null70] 900/1696 (544s, eta 8 min)
    [e10b_null71] 600/1696 (370s, eta 11 min)
    [e10b_null72] 600/1696 (369s, eta 11 min)
    [e10b_null70] 1000/1696 (605s, eta 7 min)
    [e10b_null71] 700/1696 (431s, eta 10 min)
    [e10b_null72] 700/1696 (441s, eta 10 min)
    [e10b_null70] 1100/1696 (684s, eta 6 min)
    [e10b_null71] 800/1696 (519s, eta 10 min)
    [e10b_null72] 800/1696 (533s, eta 10 min)
    [e10b_null70] 1200/1696 (775s, eta 5 min)
    [e10b_null71] 900/1696 (612s, eta 9 min)
    [e10b_null72] 900/1696 (625s, eta 9 min)
    [e10b_null70] 1300/1696 (869s, eta 4 min)
    [e10b_null71] 1000/1696 (706s, eta 8 min)
    [e10b_null72] 1000/1696 (719s, eta 8 min)
    [e10b_null70] 1400/1696 (961s, eta 3 min)
    [e10b_null71] 1100/1696 (798s, eta 7 min)
    [e10b_null72] 1100/1696 (811s, eta 7 min)
    [e10b_null70] 1500/1696 (1052s, eta 2 min)
    [e10b_null71] 1200/1696 (891s, eta 6 min)
    [e10b_null72] 1200/1696 (902s, eta 6 min)
    [e10b_null70] 1600/1696 (1144s, eta 1 min)
    [e10b_null71] 1300/1696 (981s, eta 5 min)
    [e10b_null72] 1300/1696 (994s, eta 5 min)
    [e10b_null70] 1696/1696 (1233s, eta 0 min)
[E10B] null 70: delta=0.0646 diff=1.27e-06 (1248.9s) | 55/84 this run, ETA 7.9 h
    [e10b_null71] 1400/1696 (1075s, eta 4 min)
    [e10b_null72] 1400/1696 (1085s, eta 4 min)
    [e10b_null73] 100/1696 (92s, eta 25 min)
    [e10b_null71] 1500/1696 (1168s, eta 3 min)
    [e10b_null72] 1500/1696 (1181s, eta 3 min)
    [e10b_null73] 200/1696 (187s, eta 23 min)
    [e10b_null71] 1600/1696 (1263s, eta 1 min)
    [e10b_null72] 1600/1696 (1277s, eta 1 min)
    [e10b_null73] 300/1696 (284s, eta 22 min)
    [e10b_null71] 1696/1696 (1355s, eta 0 min)
[E10B] null 71: delta=0.0585 diff=1.31e-06 (1371.5s) | 56/84 this run, ETA 7.5 h
    [e10b_null72] 1696/1696 (1368s, eta 0 min)
[E10B] null 72: delta=0.0575 diff=2.22e-16 (1384.4s) | 57/84 this run, ETA 7.1 h
    [e10b_null73] 400/1696 (381s, eta 21 min)
    [e10b_null74] 100/1696 (95s, eta 25 min)
    [e10b_null75] 100/1696 (94s, eta 25 min)
    [e10b_null73] 500/1696 (475s, eta 19 min)
    [e10b_null74] 200/1696 (191s, eta 24 min)
    [e10b_null75] 200/1696 (190s, eta 24 min)
    [e10b_null73] 600/1696 (569s, eta 17 min)
    [e10b_null74] 300/1696 (282s, eta 22 min)
    [e10b_null75] 300/1696 (282s, eta 22 min)
    [e10b_null73] 700/1696 (662s, eta 16 min)
    [e10b_null74] 400/1696 (376s, eta 20 min)
    [e10b_null75] 400/1696 (368s, eta 20 min)
    [e10b_null73] 800/1696 (746s, eta 14 min)
    [e10b_null74] 500/1696 (459s, eta 18 min)
    [e10b_null75] 500/1696 (459s, eta 18 min)
    [e10b_null73] 900/1696 (838s, eta 12 min)
    [e10b_null74] 600/1696 (551s, eta 17 min)
    [e10b_null75] 600/1696 (551s, eta 17 min)
    [e10b_null73] 1000/1696 (930s, eta 11 min)
    [e10b_null74] 700/1696 (643s, eta 15 min)
    [e10b_null75] 700/1696 (643s, eta 15 min)
    [e10b_null73] 1100/1696 (1022s, eta 9 min)
    [e10b_null74] 800/1696 (735s, eta 14 min)
    [e10b_null75] 800/1696 (735s, eta 14 min)
    [e10b_null73] 1200/1696 (1117s, eta 8 min)
    [e10b_null74] 900/1696 (827s, eta 12 min)
    [e10b_null75] 900/1696 (827s, eta 12 min)
    [e10b_null73] 1300/1696 (1206s, eta 6 min)
    [e10b_null74] 1000/1696 (917s, eta 11 min)
    [e10b_null75] 1000/1696 (910s, eta 11 min)
    [e10b_null73] 1400/1696 (1290s, eta 5 min)
    [e10b_null74] 1100/1696 (1007s, eta 9 min)
    [e10b_null75] 1100/1696 (1008s, eta 9 min)
    [e10b_null73] 1500/1696 (1390s, eta 3 min)
    [e10b_null74] 1200/1696 (1100s, eta 8 min)
    [e10b_null75] 1200/1696 (1100s, eta 8 min)
    [e10b_null73] 1600/1696 (1481s, eta 1 min)
    [e10b_null74] 1300/1696 (1191s, eta 6 min)
    [e10b_null75] 1300/1696 (1192s, eta 6 min)
    [e10b_null73] 1696/1696 (1569s, eta 0 min)
[E10B] null 73: delta=0.0263 diff=0.00e+00 (1592.6s) | 58/84 this run, ETA 6.9 h
    [e10b_null74] 1400/1696 (1280s, eta 5 min)
    [e10b_null75] 1400/1696 (1280s, eta 5 min)
    [e10b_null76] 100/1696 (87s, eta 23 min)
    [e10b_null74] 1500/1696 (1367s, eta 3 min)
    [e10b_null75] 1500/1696 (1366s, eta 3 min)
    [e10b_null76] 200/1696 (172s, eta 21 min)
    [e10b_null74] 1600/1696 (1452s, eta 1 min)
    [e10b_null75] 1600/1696 (1451s, eta 1 min)
    [e10b_null74] 1696/1696 (1534s, eta 0 min)
[E10B] null 74: delta=0.0600 diff=2.20e-07 (1558.0s) | 59/84 this run, ETA 6.6 h
    [e10b_null76] 300/1696 (258s, eta 20 min)
    [e10b_null75] 1696/1696 (1537s, eta 0 min)
[E10B] null 75: delta=0.0130 diff=-9.69e-07 (1558.6s) | 60/84 this run, ETA 6.2 h
    [e10b_null76] 400/1696 (345s, eta 19 min)
    [e10b_null77] 100/1696 (86s, eta 23 min)
    [e10b_null78] 100/1696 (84s, eta 22 min)
    [e10b_null76] 500/1696 (428s, eta 17 min)
    [e10b_null77] 200/1696 (169s, eta 21 min)
    [e10b_null78] 200/1696 (167s, eta 21 min)
    [e10b_null76] 600/1696 (502s, eta 15 min)
    [e10b_null77] 300/1696 (239s, eta 19 min)
    [e10b_null78] 300/1696 (230s, eta 18 min)
    [e10b_null76] 700/1696 (566s, eta 13 min)
    [e10b_null77] 400/1696 (306s, eta 17 min)
    [e10b_null78] 400/1696 (293s, eta 16 min)
    [e10b_null76] 800/1696 (628s, eta 12 min)
    [e10b_null77] 500/1696 (368s, eta 15 min)
    [e10b_null78] 500/1696 (352s, eta 14 min)
    [e10b_null76] 900/1696 (685s, eta 10 min)
    [e10b_null77] 600/1696 (424s, eta 13 min)
    [e10b_null78] 600/1696 (410s, eta 12 min)
    [e10b_null76] 1000/1696 (743s, eta 9 min)
    [e10b_null77] 700/1696 (483s, eta 11 min)
    [e10b_null78] 700/1696 (468s, eta 11 min)
    [e10b_null76] 1100/1696 (801s, eta 7 min)
    [e10b_null77] 800/1696 (539s, eta 10 min)
    [e10b_null78] 800/1696 (525s, eta 10 min)
    [e10b_null76] 1200/1696 (856s, eta 6 min)
    [e10b_null77] 900/1696 (596s, eta 9 min)
    [e10b_null78] 900/1696 (584s, eta 9 min)
    [e10b_null76] 1300/1696 (916s, eta 5 min)
    [e10b_null77] 1000/1696 (655s, eta 8 min)
    [e10b_null78] 1000/1696 (644s, eta 7 min)
    [e10b_null76] 1400/1696 (974s, eta 3 min)
    [e10b_null77] 1100/1696 (713s, eta 6 min)
    [e10b_null78] 1100/1696 (700s, eta 6 min)
    [e10b_null76] 1500/1696 (1032s, eta 2 min)
    [e10b_null77] 1200/1696 (770s, eta 5 min)
    [e10b_null78] 1200/1696 (758s, eta 5 min)
    [e10b_null76] 1600/1696 (1088s, eta 1 min)
    [e10b_null77] 1300/1696 (827s, eta 4 min)
    [e10b_null78] 1300/1696 (816s, eta 4 min)
    [e10b_null76] 1696/1696 (1143s, eta 0 min)
[E10B] null 76: delta=0.0668 diff=8.82e-07 (1167.3s) | 61/84 this run, ETA 5.9 h
    [e10b_null77] 1400/1696 (887s, eta 3 min)
    [e10b_null78] 1400/1696 (876s, eta 3 min)
    [e10b_null79] 100/1696 (60s, eta 16 min)
    [e10b_null77] 1500/1696 (946s, eta 2 min)
    [e10b_null78] 1500/1696 (936s, eta 2 min)
    [e10b_null79] 200/1696 (123s, eta 15 min)
    [e10b_null77] 1600/1696 (1008s, eta 1 min)
    [e10b_null78] 1600/1696 (999s, eta 1 min)
    [e10b_null79] 300/1696 (183s, eta 14 min)
    [e10b_null77] 1696/1696 (1066s, eta 0 min)
[E10B] null 77: delta=0.0587 diff=1.33e-06 (1085.9s) | 62/84 this run, ETA 5.6 h
    [e10b_null78] 1696/1696 (1057s, eta 0 min)
[E10B] null 78: delta=0.0556 diff=4.88e-07 (1076.0s) | 63/84 this run, ETA 5.3 h
    [e10b_null79] 400/1696 (247s, eta 13 min)
    [e10b_null80] 100/1696 (63s, eta 17 min)
    [e10b_null81] 100/1696 (63s, eta 17 min)
    [e10b_null79] 500/1696 (308s, eta 12 min)
    [e10b_null80] 200/1696 (124s, eta 15 min)
    [e10b_null81] 200/1696 (126s, eta 16 min)
    [e10b_null79] 600/1696 (370s, eta 11 min)
    [e10b_null80] 300/1696 (186s, eta 14 min)
    [e10b_null81] 300/1696 (187s, eta 15 min)
    [e10b_null79] 700/1696 (430s, eta 10 min)
    [e10b_null80] 400/1696 (248s, eta 13 min)
    [e10b_null81] 400/1696 (248s, eta 13 min)
    [e10b_null79] 800/1696 (490s, eta 9 min)
    [e10b_null80] 500/1696 (308s, eta 12 min)
    [e10b_null81] 500/1696 (308s, eta 12 min)
    [e10b_null79] 900/1696 (550s, eta 8 min)
    [e10b_null80] 600/1696 (368s, eta 11 min)
    [e10b_null81] 600/1696 (369s, eta 11 min)
    [e10b_null79] 1000/1696 (610s, eta 7 min)
    [e10b_null80] 700/1696 (427s, eta 10 min)
    [e10b_null81] 700/1696 (430s, eta 10 min)
    [e10b_null79] 1100/1696 (673s, eta 6 min)
    [e10b_null80] 800/1696 (490s, eta 9 min)
    [e10b_null81] 800/1696 (491s, eta 9 min)
    [e10b_null79] 1200/1696 (733s, eta 5 min)
    [e10b_null80] 900/1696 (550s, eta 8 min)
    [e10b_null81] 900/1696 (552s, eta 8 min)
    [e10b_null79] 1300/1696 (794s, eta 4 min)
    [e10b_null80] 1000/1696 (610s, eta 7 min)
    [e10b_null81] 1000/1696 (614s, eta 7 min)
    [e10b_null79] 1400/1696 (856s, eta 3 min)
    [e10b_null80] 1100/1696 (673s, eta 6 min)
    [e10b_null81] 1100/1696 (675s, eta 6 min)
    [e10b_null79] 1500/1696 (915s, eta 2 min)
    [e10b_null80] 1200/1696 (732s, eta 5 min)
    [e10b_null81] 1200/1696 (736s, eta 5 min)
    [e10b_null79] 1600/1696 (975s, eta 1 min)
    [e10b_null80] 1300/1696 (793s, eta 4 min)
    [e10b_null81] 1300/1696 (795s, eta 4 min)
    [e10b_null79] 1696/1696 (1031s, eta 0 min)
[E10B] null 79: delta=0.0339 diff=1.05e-06 (1044.6s) | 64/84 this run, ETA 5.0 h
    [e10b_null80] 1400/1696 (852s, eta 3 min)
    [e10b_null81] 1400/1696 (855s, eta 3 min)
    [e10b_null82] 100/1696 (61s, eta 16 min)
    [e10b_null80] 1500/1696 (912s, eta 2 min)
    [e10b_null81] 1500/1696 (914s, eta 2 min)
    [e10b_null82] 200/1696 (119s, eta 15 min)
    [e10b_null80] 1600/1696 (972s, eta 1 min)
    [e10b_null81] 1600/1696 (972s, eta 1 min)
    [e10b_null82] 300/1696 (179s, eta 14 min)
    [e10b_null80] 1696/1696 (1028s, eta 0 min)
[E10B] null 80: delta=0.0878 diff=1.78e-06 (1043.9s) | 65/84 this run, ETA 4.7 h
    [e10b_null81] 1696/1696 (1030s, eta 0 min)
[E10B] null 81: delta=0.0998 diff=2.13e-06 (1047.1s) | 66/84 this run, ETA 4.4 h
    [e10b_null82] 400/1696 (241s, eta 13 min)
    [e10b_null83] 100/1696 (60s, eta 16 min)
    [e10b_null84] 100/1696 (56s, eta 15 min)
    [e10b_null82] 500/1696 (298s, eta 12 min)
    [e10b_null83] 200/1696 (117s, eta 15 min)
    [e10b_null84] 200/1696 (112s, eta 14 min)
    [e10b_null82] 600/1696 (355s, eta 11 min)
    [e10b_null83] 300/1696 (174s, eta 14 min)
    [e10b_null84] 300/1696 (169s, eta 13 min)
    [e10b_null82] 700/1696 (414s, eta 10 min)
    [e10b_null83] 400/1696 (232s, eta 13 min)
    [e10b_null84] 400/1696 (226s, eta 12 min)
    [e10b_null82] 800/1696 (471s, eta 9 min)
    [e10b_null83] 500/1696 (290s, eta 12 min)
    [e10b_null84] 500/1696 (284s, eta 11 min)
    [e10b_null82] 900/1696 (530s, eta 8 min)
    [e10b_null83] 600/1696 (349s, eta 11 min)
    [e10b_null84] 600/1696 (342s, eta 10 min)
    [e10b_null82] 1000/1696 (587s, eta 7 min)
    [e10b_null83] 700/1696 (407s, eta 10 min)
    [e10b_null84] 700/1696 (403s, eta 10 min)
    [e10b_null82] 1100/1696 (646s, eta 6 min)
    [e10b_null83] 800/1696 (466s, eta 9 min)
    [e10b_null84] 800/1696 (462s, eta 9 min)
    [e10b_null82] 1200/1696 (705s, eta 5 min)
    [e10b_null83] 900/1696 (525s, eta 8 min)
    [e10b_null84] 900/1696 (521s, eta 8 min)
    [e10b_null82] 1300/1696 (763s, eta 4 min)
    [e10b_null83] 1000/1696 (579s, eta 7 min)
    [e10b_null84] 1000/1696 (572s, eta 7 min)
    [e10b_null82] 1400/1696 (816s, eta 3 min)
    [e10b_null83] 1100/1696 (637s, eta 6 min)
    [e10b_null84] 1100/1696 (634s, eta 6 min)
    [e10b_null82] 1500/1696 (879s, eta 2 min)
    [e10b_null83] 1200/1696 (699s, eta 5 min)
    [e10b_null84] 1200/1696 (695s, eta 5 min)
    [e10b_null82] 1600/1696 (939s, eta 1 min)
    [e10b_null83] 1300/1696 (756s, eta 4 min)
    [e10b_null84] 1300/1696 (750s, eta 4 min)
    [e10b_null82] 1696/1696 (992s, eta 0 min)
[E10B] null 82: delta=0.0915 diff=2.25e-06 (1008.1s) | 67/84 this run, ETA 4.1 h
    [e10b_null83] 1400/1696 (814s, eta 3 min)
    [e10b_null84] 1400/1696 (807s, eta 3 min)
    [e10b_null85] 100/1696 (56s, eta 15 min)
    [e10b_null83] 1500/1696 (870s, eta 2 min)
    [e10b_null84] 1500/1696 (863s, eta 2 min)
    [e10b_null85] 200/1696 (113s, eta 14 min)
    [e10b_null83] 1600/1696 (927s, eta 1 min)
    [e10b_null84] 1600/1696 (920s, eta 1 min)
    [e10b_null85] 300/1696 (169s, eta 13 min)
    [e10b_null83] 1696/1696 (981s, eta 0 min)
[E10B] null 83: delta=0.0619 diff=2.11e-06 (996.0s) | 68/84 this run, ETA 3.8 h
    [e10b_null84] 1696/1696 (977s, eta 0 min)
[E10B] null 84: delta=0.1007 diff=2.65e-06 (991.5s) | 69/84 this run, ETA 3.6 h
    [e10b_null85] 400/1696 (230s, eta 12 min)
    [e10b_null86] 100/1696 (59s, eta 16 min)
    [e10b_null87] 100/1696 (60s, eta 16 min)
    [e10b_null85] 500/1696 (290s, eta 12 min)
    [e10b_null86] 200/1696 (121s, eta 15 min)
    [e10b_null87] 200/1696 (122s, eta 15 min)
    [e10b_null85] 600/1696 (352s, eta 11 min)
    [e10b_null86] 300/1696 (182s, eta 14 min)
    [e10b_null87] 300/1696 (184s, eta 14 min)
    [e10b_null85] 700/1696 (413s, eta 10 min)
    [e10b_null86] 400/1696 (243s, eta 13 min)
    [e10b_null87] 400/1696 (247s, eta 13 min)
    [e10b_null85] 800/1696 (477s, eta 9 min)
    [e10b_null86] 500/1696 (308s, eta 12 min)
    [e10b_null87] 500/1696 (310s, eta 12 min)
    [e10b_null85] 900/1696 (539s, eta 8 min)
    [e10b_null86] 600/1696 (370s, eta 11 min)
    [e10b_null87] 600/1696 (370s, eta 11 min)
    [e10b_null85] 1000/1696 (598s, eta 7 min)
    [e10b_null86] 700/1696 (429s, eta 10 min)
    [e10b_null87] 700/1696 (429s, eta 10 min)
    [e10b_null85] 1100/1696 (657s, eta 6 min)
    [e10b_null86] 800/1696 (488s, eta 9 min)
    [e10b_null87] 800/1696 (488s, eta 9 min)
    [e10b_null85] 1200/1696 (718s, eta 5 min)
    [e10b_null86] 900/1696 (549s, eta 8 min)
    [e10b_null87] 900/1696 (550s, eta 8 min)
    [e10b_null85] 1300/1696 (778s, eta 4 min)
    [e10b_null86] 1000/1696 (608s, eta 7 min)
    [e10b_null87] 1000/1696 (608s, eta 7 min)
    [e10b_null85] 1400/1696 (837s, eta 3 min)
    [e10b_null86] 1100/1696 (667s, eta 6 min)
    [e10b_null87] 1100/1696 (668s, eta 6 min)
    [e10b_null85] 1500/1696 (899s, eta 2 min)
    [e10b_null86] 1200/1696 (729s, eta 5 min)
    [e10b_null87] 1200/1696 (730s, eta 5 min)
    [e10b_null85] 1600/1696 (961s, eta 1 min)
    [e10b_null86] 1300/1696 (791s, eta 4 min)
    [e10b_null87] 1300/1696 (792s, eta 4 min)
    [e10b_null85] 1696/1696 (1019s, eta 0 min)
[E10B] null 85: delta=0.0078 diff=1.10e-07 (1035.9s) | 70/84 this run, ETA 3.3 h
    [e10b_null86] 1400/1696 (853s, eta 3 min)
    [e10b_null87] 1400/1696 (854s, eta 3 min)
    [e10b_null88] 100/1696 (60s, eta 16 min)
    [e10b_null86] 1500/1696 (913s, eta 2 min)
    [e10b_null87] 1500/1696 (915s, eta 2 min)
    [e10b_null88] 200/1696 (122s, eta 15 min)
    [e10b_null86] 1600/1696 (976s, eta 1 min)
    [e10b_null87] 1600/1696 (978s, eta 1 min)
    [e10b_null88] 300/1696 (185s, eta 14 min)
    [e10b_null86] 1696/1696 (1036s, eta 0 min)
[E10B] null 86: delta=0.0788 diff=1.50e-06 (1053.0s) | 71/84 this run, ETA 3.0 h
    [e10b_null87] 1696/1696 (1039s, eta 0 min)
[E10B] null 87: delta=0.0724 diff=5.75e-07 (1054.7s) | 72/84 this run, ETA 2.8 h
    [e10b_null88] 400/1696 (248s, eta 13 min)
    [e10b_null89] 100/1696 (62s, eta 16 min)
    [e10b_null90] 100/1696 (60s, eta 16 min)
    [e10b_null88] 500/1696 (308s, eta 12 min)
    [e10b_null89] 200/1696 (123s, eta 15 min)
    [e10b_null90] 200/1696 (122s, eta 15 min)
    [e10b_null88] 600/1696 (369s, eta 11 min)
    [e10b_null89] 300/1696 (183s, eta 14 min)
    [e10b_null90] 300/1696 (180s, eta 14 min)
    [e10b_null88] 700/1696 (428s, eta 10 min)
    [e10b_null89] 400/1696 (243s, eta 13 min)
    [e10b_null90] 400/1696 (243s, eta 13 min)
    [e10b_null88] 800/1696 (489s, eta 9 min)
    [e10b_null89] 500/1696 (305s, eta 12 min)
    [e10b_null90] 500/1696 (305s, eta 12 min)
    [e10b_null88] 900/1696 (552s, eta 8 min)
    [e10b_null89] 600/1696 (368s, eta 11 min)
    [e10b_null90] 600/1696 (367s, eta 11 min)
    [e10b_null88] 1000/1696 (614s, eta 7 min)
    [e10b_null89] 700/1696 (428s, eta 10 min)
    [e10b_null90] 700/1696 (427s, eta 10 min)
    [e10b_null88] 1100/1696 (674s, eta 6 min)
    [e10b_null89] 800/1696 (490s, eta 9 min)
    [e10b_null90] 800/1696 (487s, eta 9 min)
    [e10b_null88] 1200/1696 (733s, eta 5 min)
    [e10b_null89] 900/1696 (550s, eta 8 min)
    [e10b_null90] 900/1696 (547s, eta 8 min)
    [e10b_null88] 1300/1696 (792s, eta 4 min)
    [e10b_null89] 1000/1696 (609s, eta 7 min)
    [e10b_null90] 1000/1696 (608s, eta 7 min)
    [e10b_null88] 1400/1696 (853s, eta 3 min)
    [e10b_null89] 1100/1696 (671s, eta 6 min)
    [e10b_null90] 1100/1696 (669s, eta 6 min)
    [e10b_null88] 1500/1696 (914s, eta 2 min)
    [e10b_null89] 1200/1696 (731s, eta 5 min)
    [e10b_null90] 1200/1696 (731s, eta 5 min)
    [e10b_null88] 1600/1696 (975s, eta 1 min)
    [e10b_null89] 1300/1696 (794s, eta 4 min)
    [e10b_null90] 1300/1696 (794s, eta 4 min)
    [e10b_null88] 1696/1696 (1035s, eta 0 min)
[E10B] null 88: delta=0.0751 diff=2.13e-06 (1052.9s) | 73/84 this run, ETA 2.5 h
    [e10b_null89] 1400/1696 (857s, eta 3 min)
    [e10b_null90] 1400/1696 (854s, eta 3 min)
    [e10b_null91] 100/1696 (61s, eta 16 min)
    [e10b_null89] 1500/1696 (917s, eta 2 min)
    [e10b_null90] 1500/1696 (917s, eta 2 min)
    [e10b_null91] 200/1696 (125s, eta 16 min)
    [e10b_null89] 1600/1696 (981s, eta 1 min)
    [e10b_null90] 1600/1696 (980s, eta 1 min)
    [e10b_null91] 300/1696 (188s, eta 15 min)
    [e10b_null89] 1696/1696 (1042s, eta 0 min)
[E10B] null 89: delta=0.0619 diff=1.44e-06 (1057.1s) | 74/84 this run, ETA 2.3 h
    [e10b_null90] 1696/1696 (1042s, eta 0 min)
[E10B] null 90: delta=0.0751 diff=1.57e-06 (1059.2s) | 75/84 this run, ETA 2.0 h
    [e10b_null91] 400/1696 (253s, eta 14 min)
    [e10b_null92] 100/1696 (63s, eta 17 min)
    [e10b_null93] 100/1696 (62s, eta 16 min)
    [e10b_null91] 500/1696 (313s, eta 12 min)
    [e10b_null92] 200/1696 (125s, eta 16 min)
    [e10b_null93] 200/1696 (123s, eta 15 min)
    [e10b_null91] 600/1696 (375s, eta 11 min)
    [e10b_null92] 300/1696 (187s, eta 14 min)
    [e10b_null93] 300/1696 (185s, eta 14 min)
    [e10b_null91] 700/1696 (436s, eta 10 min)
    [e10b_null92] 400/1696 (247s, eta 13 min)
    [e10b_null93] 400/1696 (245s, eta 13 min)
    [e10b_null91] 800/1696 (497s, eta 9 min)
    [e10b_null92] 500/1696 (309s, eta 12 min)
    [e10b_null93] 500/1696 (307s, eta 12 min)
    [e10b_null91] 900/1696 (560s, eta 8 min)
    [e10b_null92] 600/1696 (370s, eta 11 min)
    [e10b_null93] 600/1696 (368s, eta 11 min)
    [e10b_null91] 1000/1696 (620s, eta 7 min)
    [e10b_null92] 700/1696 (431s, eta 10 min)
    [e10b_null93] 700/1696 (428s, eta 10 min)
    [e10b_null91] 1100/1696 (680s, eta 6 min)
    [e10b_null92] 800/1696 (491s, eta 9 min)
    [e10b_null93] 800/1696 (487s, eta 9 min)
    [e10b_null91] 1200/1696 (738s, eta 5 min)
    [e10b_null92] 900/1696 (548s, eta 8 min)
    [e10b_null93] 900/1696 (541s, eta 8 min)
    [e10b_null91] 1300/1696 (794s, eta 4 min)
    [e10b_null92] 1000/1696 (604s, eta 7 min)
    [e10b_null93] 1000/1696 (598s, eta 7 min)
    [e10b_null91] 1400/1696 (851s, eta 3 min)
    [e10b_null92] 1100/1696 (660s, eta 6 min)
    [e10b_null93] 1100/1696 (655s, eta 6 min)
    [e10b_null91] 1500/1696 (907s, eta 2 min)
    [e10b_null92] 1200/1696 (717s, eta 5 min)
    [e10b_null93] 1200/1696 (712s, eta 5 min)
    [e10b_null91] 1600/1696 (964s, eta 1 min)
    [e10b_null92] 1300/1696 (774s, eta 4 min)
    [e10b_null93] 1300/1696 (769s, eta 4 min)
    [e10b_null91] 1696/1696 (1019s, eta 0 min)
[E10B] null 91: delta=0.0616 diff=4.96e-07 (1033.9s) | 76/84 this run, ETA 1.8 h
    [e10b_null92] 1400/1696 (831s, eta 3 min)
    [e10b_null93] 1400/1696 (826s, eta 3 min)
    [e10b_null94] 100/1696 (57s, eta 15 min)
    [e10b_null92] 1500/1696 (887s, eta 2 min)
    [e10b_null93] 1500/1696 (884s, eta 2 min)
    [e10b_null94] 200/1696 (117s, eta 15 min)
    [e10b_null92] 1600/1696 (948s, eta 1 min)
    [e10b_null93] 1600/1696 (945s, eta 1 min)
    [e10b_null94] 300/1696 (178s, eta 14 min)
    [e10b_null92] 1696/1696 (1007s, eta 0 min)
[E10B] null 92: delta=0.0393 diff=7.26e-07 (1022.8s) | 77/84 this run, ETA 1.6 h
    [e10b_null93] 1696/1696 (1006s, eta 0 min)
[E10B] null 93: delta=0.0770 diff=1.88e-06 (1024.1s) | 78/84 this run, ETA 1.3 h
    [e10b_null94] 400/1696 (242s, eta 13 min)
    [e10b_null95] 100/1696 (63s, eta 17 min)
    [e10b_null96] 100/1696 (63s, eta 17 min)
    [e10b_null94] 500/1696 (305s, eta 12 min)
    [e10b_null95] 200/1696 (126s, eta 16 min)
    [e10b_null96] 200/1696 (125s, eta 16 min)
    [e10b_null94] 600/1696 (368s, eta 11 min)
    [e10b_null95] 300/1696 (188s, eta 15 min)
    [e10b_null96] 300/1696 (185s, eta 14 min)
    [e10b_null94] 700/1696 (428s, eta 10 min)
    [e10b_null95] 400/1696 (248s, eta 13 min)
    [e10b_null96] 400/1696 (245s, eta 13 min)
    [e10b_null94] 800/1696 (489s, eta 9 min)
    [e10b_null95] 500/1696 (309s, eta 12 min)
    [e10b_null96] 500/1696 (305s, eta 12 min)
    [e10b_null94] 900/1696 (550s, eta 8 min)
    [e10b_null95] 600/1696 (370s, eta 11 min)
    [e10b_null96] 600/1696 (366s, eta 11 min)
    [e10b_null94] 1000/1696 (611s, eta 7 min)
    [e10b_null95] 700/1696 (430s, eta 10 min)
    [e10b_null96] 700/1696 (425s, eta 10 min)
    [e10b_null94] 1100/1696 (671s, eta 6 min)
    [e10b_null95] 800/1696 (490s, eta 9 min)
    [e10b_null96] 800/1696 (486s, eta 9 min)
    [e10b_null94] 1200/1696 (731s, eta 5 min)
    [e10b_null95] 900/1696 (552s, eta 8 min)
    [e10b_null96] 900/1696 (546s, eta 8 min)
    [e10b_null94] 1300/1696 (791s, eta 4 min)
    [e10b_null95] 1000/1696 (611s, eta 7 min)
    [e10b_null96] 1000/1696 (606s, eta 7 min)
    [e10b_null94] 1400/1696 (851s, eta 3 min)
    [e10b_null95] 1100/1696 (671s, eta 6 min)
    [e10b_null96] 1100/1696 (667s, eta 6 min)
    [e10b_null94] 1500/1696 (910s, eta 2 min)
    [e10b_null95] 1200/1696 (729s, eta 5 min)
    [e10b_null96] 1200/1696 (726s, eta 5 min)
    [e10b_null94] 1600/1696 (968s, eta 1 min)
    [e10b_null95] 1300/1696 (788s, eta 4 min)
    [e10b_null96] 1300/1696 (784s, eta 4 min)
    [e10b_null94] 1696/1696 (1025s, eta 0 min)
[E10B] null 94: delta=0.0873 diff=1.57e-06 (1039.4s) | 79/84 this run, ETA 1.1 h
    [e10b_null95] 1400/1696 (846s, eta 3 min)
    [e10b_null96] 1400/1696 (842s, eta 3 min)
    [e10b_null97] 100/1696 (57s, eta 15 min)
    [e10b_null95] 1500/1696 (904s, eta 2 min)
    [e10b_null96] 1500/1696 (900s, eta 2 min)
    [e10b_null97] 200/1696 (115s, eta 14 min)
    [e10b_null95] 1600/1696 (962s, eta 1 min)
    [e10b_null96] 1600/1696 (957s, eta 1 min)
    [e10b_null97] 300/1696 (173s, eta 13 min)
    [e10b_null95] 1696/1696 (1018s, eta 0 min)
[E10B] null 95: delta=0.1211 diff=2.34e-06 (1031.2s) | 80/84 this run, ETA 0.9 h
    [e10b_null96] 1696/1696 (1014s, eta 0 min)
[E10B] null 96: delta=0.0709 diff=2.24e-06 (1029.1s) | 81/84 this run, ETA 0.6 h
    [e10b_null97] 400/1696 (233s, eta 13 min)
    [e10b_null98] 100/1696 (59s, eta 16 min)
    [e10b_null99] 100/1696 (60s, eta 16 min)
    [e10b_null97] 500/1696 (292s, eta 12 min)
    [e10b_null98] 200/1696 (119s, eta 15 min)
    [e10b_null99] 200/1696 (119s, eta 15 min)
    [e10b_null97] 600/1696 (351s, eta 11 min)
    [e10b_null98] 300/1696 (177s, eta 14 min)
    [e10b_null99] 300/1696 (177s, eta 14 min)
    [e10b_null97] 700/1696 (409s, eta 10 min)
    [e10b_null98] 400/1696 (235s, eta 13 min)
    [e10b_null99] 400/1696 (236s, eta 13 min)
    [e10b_null97] 800/1696 (466s, eta 9 min)
    [e10b_null98] 500/1696 (295s, eta 12 min)
    [e10b_null99] 500/1696 (296s, eta 12 min)
    [e10b_null97] 900/1696 (526s, eta 8 min)
    [e10b_null98] 600/1696 (355s, eta 11 min)
    [e10b_null99] 600/1696 (354s, eta 11 min)
    [e10b_null97] 1000/1696 (585s, eta 7 min)
    [e10b_null98] 700/1696 (413s, eta 10 min)
    [e10b_null99] 700/1696 (412s, eta 10 min)
    [e10b_null97] 1100/1696 (641s, eta 6 min)
    [e10b_null98] 800/1696 (470s, eta 9 min)
    [e10b_null99] 800/1696 (468s, eta 9 min)
    [e10b_null97] 1200/1696 (696s, eta 5 min)
    [e10b_null98] 900/1696 (525s, eta 8 min)
    [e10b_null99] 900/1696 (525s, eta 8 min)
    [e10b_null97] 1300/1696 (753s, eta 4 min)
    [e10b_null98] 1000/1696 (582s, eta 7 min)
    [e10b_null99] 1000/1696 (582s, eta 7 min)
    [e10b_null97] 1400/1696 (811s, eta 3 min)
    [e10b_null98] 1100/1696 (639s, eta 6 min)
    [e10b_null99] 1100/1696 (639s, eta 6 min)
    [e10b_null97] 1500/1696 (869s, eta 2 min)
    [e10b_null98] 1200/1696 (697s, eta 5 min)
    [e10b_null99] 1200/1696 (696s, eta 5 min)
    [e10b_null97] 1600/1696 (926s, eta 1 min)
    [e10b_null98] 1300/1696 (753s, eta 4 min)
    [e10b_null99] 1300/1696 (754s, eta 4 min)
    [e10b_null97] 1696/1696 (981s, eta 0 min)
[E10B] null 97: delta=0.0819 diff=1.10e-07 (995.2s) | 82/84 this run, ETA 0.4 h
    [e10b_null98] 1400/1696 (808s, eta 3 min)
    [e10b_null99] 1400/1696 (808s, eta 3 min)
    [e10b_null98] 1500/1696 (861s, eta 2 min)
    [e10b_null99] 1500/1696 (858s, eta 2 min)
    [e10b_null98] 1600/1696 (18101s, eta 18 min)
    [e10b_null99] 1600/1696 (18114s, eta 18 min)
    [e10b_null98] 1696/1696 (18169s, eta 0 min)
[E10B] null 98: delta=0.0749 diff=-2.18e-07 (18184.1s) | 83/84 this run, ETA 0.3 h
    [e10b_null99] 1696/1696 (18182s, eta 0 min)
[E10B] null 99: delta=0.0982 diff=2.49e-06 (18196.6s) | 84/84 this run, ETA 0.0 h
[E10B] run window complete; nulls in CSV: 100/100
[finalizer] running stats at N=100 Thu Sep 17 22:17:32 IST 2026
{
  "n_nulls_completed": 100,
  "observed": {
    "median_gaba": 1.1255253950848143e-05,
    "median_ctrl": 1.0593180188922524e-05,
    "median_diff": 6.62073761925619e-07,
    "cliffs_delta": 0.09788431158775368,
    "n_g": 848,
    "n_c": 848
  },
  "null_delta_mean": 0.07132400876646489,
  "null_delta_sd": 0.02203395436225213,
  "null_delta_max": 0.1211146092915629,
  "null_delta_p95": 0.10666996707013172,
  "obs_delta_z_vs_null": 1.2054260612789078,
  "empirical_p_delta": 0.10891089108910891,
  "empirical_p_median_diff": 0.7821782178217822,
  "null_median_diff_mean": 1.5336412428934577e-06,
  "all_nulls_degree_verified": true,
  "gate4_note": "observed effect vs degree-preserving nulls; p_delta >= 0.05 => degree topology reproduces the GABA effect"
}
[finalizer] stats OK (n_nulls_completed=100) Thu Sep 17 22:18:02 IST 2026
fig2 done
fig3 done
fig4 done
fig5 done
fig6 done
fig7 done
[finalizer] figures OK
[finalizer] pytest OK
[finalizer] freeze OK Thu Sep 17 22:18:25 IST 2026
[finalizer] done Thu Sep 17 22:18:25 IST 2026
[supervisor] COMPLETE 100/100 Thu Sep 17 22:25:36 IST 2026
{
  "n_nulls_completed": 100,
  "observed": {
    "median_gaba": 1.1255253950848143e-05,
    "median_ctrl": 1.0593180188922524e-05,
    "median_diff": 6.62073761925619e-07,
    "cliffs_delta": 0.09788431158775368,
    "n_g": 848,
    "n_c": 848
  },
  "null_delta_mean": 0.07132400876646489,
  "null_delta_sd": 0.02203395436225213,
  "null_delta_max": 0.1211146092915629,
  "null_delta_p95": 0.10666996707013172,
  "obs_delta_z_vs_null": 1.2054260612789078,
  "empirical_p_delta": 0.10891089108910891,
  "empirical_p_median_diff": 0.7821782178217822,
  "null_median_diff_mean": 1.5336412428934577e-06,
  "all_nulls_degree_verified": true,
  "gate4_note": "observed effect vs degree-preserving nulls; p_delta >= 0.05 => degree topology reproduces the GABA effect"
}
[supervisor] exiting Thu Sep 17 22:25:46 IST 2026
